2026-01-07 10:23:12,903 - VisionTera.Training - INFO - Starting Training Run: v_20260107_102312
2026-01-07 10:23:12,903 - VisionTera.Training - INFO - Starting PA-100K Gender Classification Training (ResNet50)
2026-01-07 10:23:12,957 - VisionTera.Training - INFO - GPU: NVIDIA GeForce RTX 4060 Laptop GPU
2026-01-07 10:23:12,957 - VisionTera.Training - INFO - VRAM: 8.0 GB
2026-01-07 10:23:43,478 - VisionTera.Training - INFO - [train] Loaded 80685 images. Male: 44096, Female: 36589
2026-01-07 10:23:46,819 - VisionTera.Training - INFO - [val] Loaded 10086 images. Male: 5126, Female: 4960
2026-01-07 10:23:46,845 - VisionTera.Training - INFO - Train: 80685, Val: 10086
2026-01-07 10:23:46,847 - VisionTera.Training - INFO - Batch size: 64, Workers: 4
2026-01-07 10:23:46,852 - VisionTera.Training - INFO - Class distribution - Female: 36589, Male: 44096
2026-01-07 10:23:47,620 - VisionTera.Training - INFO - Training on device: cuda
2026-01-07 10:23:47,620 - VisionTera.Training - INFO - Using ResNet50 pretrained on ImageNet
2026-01-07 10:24:26,250 - VisionTera.Training - INFO - Epoch 1 [0/1261] Loss: 0.7059
2026-01-07 10:25:01,519 - VisionTera.Training - INFO - Epoch 1 [100/1261] Loss: 0.5768
2026-01-07 10:25:37,815 - VisionTera.Training - INFO - Epoch 1 [200/1261] Loss: 0.5082
2026-01-07 10:26:12,264 - VisionTera.Training - INFO - Epoch 1 [300/1261] Loss: 0.5193
2026-01-07 10:26:44,374 - VisionTera.Training - INFO - Epoch 1 [400/1261] Loss: 0.4385
2026-01-07 10:27:15,675 - VisionTera.Training - INFO - Epoch 1 [500/1261] Loss: 0.4107
2026-01-07 10:27:45,856 - VisionTera.Training - INFO - Epoch 1 [600/1261] Loss: 0.3401
2026-01-07 10:28:14,896 - VisionTera.Training - INFO - Epoch 1 [700/1261] Loss: 0.3232
2026-01-07 10:28:42,851 - VisionTera.Training - INFO - Epoch 1 [800/1261] Loss: 0.5393
2026-01-07 10:29:10,365 - VisionTera.Training - INFO - Epoch 1 [900/1261] Loss: 0.3546
2026-01-07 10:29:37,132 - VisionTera.Training - INFO - Epoch 1 [1000/1261] Loss: 0.3708
2026-01-07 10:30:03,004 - VisionTera.Training - INFO - Epoch 1 [1100/1261] Loss: 0.3965
2026-01-07 10:30:28,410 - VisionTera.Training - INFO - Epoch 1 [1200/1261] Loss: 0.2299
2026-01-07 10:31:58,722 - VisionTera.Training - INFO - Epoch 1/30 | Loss: 0.4041 | Train Acc: 0.8063 | Val Acc: 0.8141
2026-01-07 10:31:58,723 - VisionTera.Training - INFO -   Male Acc: 0.7874 | Female Acc: 0.8417
2026-01-07 10:31:58,945 - VisionTera.Training - INFO - Saved best model to infrastructure\models\v_20260107_102312\best_model.pt (Acc: 0.8141)
2026-01-07 10:32:00,662 - VisionTera.Training - INFO - Epoch 2 [0/1261] Loss: 0.3463
2026-01-07 10:32:30,030 - VisionTera.Training - INFO - Epoch 2 [100/1261] Loss: 0.2220
2026-01-07 10:32:59,842 - VisionTera.Training - INFO - Epoch 2 [200/1261] Loss: 0.1778
2026-01-07 10:33:28,991 - VisionTera.Training - INFO - Epoch 2 [300/1261] Loss: 0.2737
2026-01-07 10:33:56,338 - VisionTera.Training - INFO - Epoch 2 [400/1261] Loss: 0.1868
2026-01-07 10:34:23,395 - VisionTera.Training - INFO - Epoch 2 [500/1261] Loss: 0.2742
2026-01-07 10:34:50,061 - VisionTera.Training - INFO - Epoch 2 [600/1261] Loss: 0.2298
2026-01-07 10:35:15,903 - VisionTera.Training - INFO - Epoch 2 [700/1261] Loss: 0.3862
2026-01-07 10:35:47,404 - VisionTera.Training - INFO - Epoch 2 [800/1261] Loss: 0.3177
2026-01-07 10:36:19,677 - VisionTera.Training - INFO - Epoch 2 [900/1261] Loss: 0.2644
2026-01-07 10:36:48,975 - VisionTera.Training - INFO - Epoch 2 [1000/1261] Loss: 0.2503
2026-01-07 10:37:16,193 - VisionTera.Training - INFO - Epoch 2 [1100/1261] Loss: 0.1330
2026-01-07 10:37:42,463 - VisionTera.Training - INFO - Epoch 2 [1200/1261] Loss: 0.2911
2026-01-07 10:38:41,079 - VisionTera.Training - INFO - Epoch 2/30 | Loss: 0.2454 | Train Acc: 0.9000 | Val Acc: 0.8334
2026-01-07 10:38:41,081 - VisionTera.Training - INFO -   Male Acc: 0.8513 | Female Acc: 0.8149
2026-01-07 10:38:41,276 - VisionTera.Training - INFO - Saved best model to infrastructure\models\v_20260107_102312\best_model.pt (Acc: 0.8334)
2026-01-07 10:38:42,617 - VisionTera.Training - INFO - Epoch 3 [0/1261] Loss: 0.2103
2026-01-07 10:39:07,638 - VisionTera.Training - INFO - Epoch 3 [100/1261] Loss: 0.2686
2026-01-07 10:39:32,351 - VisionTera.Training - INFO - Epoch 3 [200/1261] Loss: 0.2419
2026-01-07 10:39:56,762 - VisionTera.Training - INFO - Epoch 3 [300/1261] Loss: 0.1503
2026-01-07 10:40:20,379 - VisionTera.Training - INFO - Epoch 3 [400/1261] Loss: 0.1868
2026-01-07 10:40:42,772 - VisionTera.Training - INFO - Epoch 3 [500/1261] Loss: 0.3488
2026-01-07 10:41:05,094 - VisionTera.Training - INFO - Epoch 3 [600/1261] Loss: 0.3348
2026-01-07 10:41:26,988 - VisionTera.Training - INFO - Epoch 3 [700/1261] Loss: 0.2052
2026-01-07 10:41:48,221 - VisionTera.Training - INFO - Epoch 3 [800/1261] Loss: 0.1866
2026-01-07 10:42:09,574 - VisionTera.Training - INFO - Epoch 3 [900/1261] Loss: 0.1917
2026-01-07 10:42:30,680 - VisionTera.Training - INFO - Epoch 3 [1000/1261] Loss: 0.1658
2026-01-07 10:42:51,311 - VisionTera.Training - INFO - Epoch 3 [1100/1261] Loss: 0.1703
2026-01-07 10:43:12,057 - VisionTera.Training - INFO - Epoch 3 [1200/1261] Loss: 0.1035
2026-01-07 10:43:36,317 - VisionTera.Training - INFO - Epoch 3/30 | Loss: 0.2246 | Train Acc: 0.9095 | Val Acc: 0.8373
2026-01-07 10:43:36,318 - VisionTera.Training - INFO -   Male Acc: 0.8147 | Female Acc: 0.8607
2026-01-07 10:43:36,521 - VisionTera.Training - INFO - Saved best model to infrastructure\models\v_20260107_102312\best_model.pt (Acc: 0.8373)
2026-01-07 10:43:37,604 - VisionTera.Training - INFO - Epoch 4 [0/1261] Loss: 0.1578
2026-01-07 10:43:58,433 - VisionTera.Training - INFO - Epoch 4 [100/1261] Loss: 0.1621
2026-01-07 10:44:19,290 - VisionTera.Training - INFO - Epoch 4 [200/1261] Loss: 0.2055
2026-01-07 10:44:40,223 - VisionTera.Training - INFO - Epoch 4 [300/1261] Loss: 0.2913
2026-01-07 10:45:01,346 - VisionTera.Training - INFO - Epoch 4 [400/1261] Loss: 0.2545
2026-01-07 10:45:25,251 - VisionTera.Training - INFO - Epoch 4 [500/1261] Loss: 0.1941
2026-01-07 10:45:50,399 - VisionTera.Training - INFO - Epoch 4 [600/1261] Loss: 0.1544
2026-01-07 10:46:11,823 - VisionTera.Training - INFO - Epoch 4 [700/1261] Loss: 0.3890
2026-01-07 10:46:38,336 - VisionTera.Training - INFO - Epoch 4 [800/1261] Loss: 0.3211
2026-01-07 10:47:15,299 - VisionTera.Training - INFO - Epoch 4 [900/1261] Loss: 0.1846
2026-01-07 10:47:47,822 - VisionTera.Training - INFO - Epoch 4 [1000/1261] Loss: 0.1979
2026-01-07 10:48:21,224 - VisionTera.Training - INFO - Epoch 4 [1100/1261] Loss: 0.2343
2026-01-07 10:48:50,800 - VisionTera.Training - INFO - Epoch 4 [1200/1261] Loss: 0.1489
2026-01-07 10:49:53,040 - VisionTera.Training - INFO - Epoch 4/30 | Loss: 0.2292 | Train Acc: 0.9083 | Val Acc: 0.8064
2026-01-07 10:49:53,059 - VisionTera.Training - INFO -   Male Acc: 0.8958 | Female Acc: 0.7139
2026-01-07 10:49:54,741 - VisionTera.Training - INFO - Epoch 5 [0/1261] Loss: 0.2130
2026-01-07 10:50:24,024 - VisionTera.Training - INFO - Epoch 5 [100/1261] Loss: 0.2170
2026-01-07 10:50:53,487 - VisionTera.Training - INFO - Epoch 5 [200/1261] Loss: 0.2654
2026-01-07 10:51:21,008 - VisionTera.Training - INFO - Epoch 5 [300/1261] Loss: 0.1200
2026-01-07 10:51:46,770 - VisionTera.Training - INFO - Epoch 5 [400/1261] Loss: 0.1649
2026-01-07 10:52:13,451 - VisionTera.Training - INFO - Epoch 5 [500/1261] Loss: 0.4556
2026-01-07 10:52:38,184 - VisionTera.Training - INFO - Epoch 5 [600/1261] Loss: 0.1909
2026-01-07 10:53:09,218 - VisionTera.Training - INFO - Epoch 5 [700/1261] Loss: 0.2072
2026-01-07 10:53:39,213 - VisionTera.Training - INFO - Epoch 5 [800/1261] Loss: 0.3084
2026-01-07 10:54:08,360 - VisionTera.Training - INFO - Epoch 5 [900/1261] Loss: 0.2065
2026-01-07 10:54:36,342 - VisionTera.Training - INFO - Epoch 5 [1000/1261] Loss: 0.1657
2026-01-07 10:55:03,499 - VisionTera.Training - INFO - Epoch 5 [1100/1261] Loss: 0.2797
2026-01-07 10:55:29,524 - VisionTera.Training - INFO - Epoch 5 [1200/1261] Loss: 0.2011
2026-01-07 10:56:13,066 - VisionTera.Training - INFO - Epoch 5/30 | Loss: 0.2403 | Train Acc: 0.9024 | Val Acc: 0.8287
2026-01-07 10:56:13,067 - VisionTera.Training - INFO -   Male Acc: 0.7813 | Female Acc: 0.8776
2026-01-07 10:56:14,405 - VisionTera.Training - INFO - Epoch 6 [0/1261] Loss: 0.2775
2026-01-07 10:56:39,830 - VisionTera.Training - INFO - Epoch 6 [100/1261] Loss: 0.2301
2026-01-07 10:57:03,966 - VisionTera.Training - INFO - Epoch 6 [200/1261] Loss: 0.2058
2026-01-07 10:57:27,889 - VisionTera.Training - INFO - Epoch 6 [300/1261] Loss: 0.2097
2026-01-07 10:57:51,021 - VisionTera.Training - INFO - Epoch 6 [400/1261] Loss: 0.2099
2026-01-07 10:58:13,641 - VisionTera.Training - INFO - Epoch 6 [500/1261] Loss: 0.2434
2026-01-07 10:58:36,466 - VisionTera.Training - INFO - Epoch 6 [600/1261] Loss: 0.4124
2026-01-07 10:58:58,237 - VisionTera.Training - INFO - Epoch 6 [700/1261] Loss: 0.2158
2026-01-07 10:59:19,406 - VisionTera.Training - INFO - Epoch 6 [800/1261] Loss: 0.2122
2026-01-07 10:59:40,557 - VisionTera.Training - INFO - Epoch 6 [900/1261] Loss: 0.2073
2026-01-07 11:00:01,823 - VisionTera.Training - INFO - Epoch 6 [1000/1261] Loss: 0.2368
2026-01-07 11:00:22,918 - VisionTera.Training - INFO - Epoch 6 [1100/1261] Loss: 0.2060
2026-01-07 11:00:44,057 - VisionTera.Training - INFO - Epoch 6 [1200/1261] Loss: 0.2418
2026-01-07 11:01:08,788 - VisionTera.Training - INFO - Epoch 6/30 | Loss: 0.2503 | Train Acc: 0.8981 | Val Acc: 0.7890
2026-01-07 11:01:08,788 - VisionTera.Training - INFO -   Male Acc: 0.6578 | Female Acc: 0.9246
2026-01-07 11:01:09,805 - VisionTera.Training - INFO - Epoch 7 [0/1261] Loss: 0.3480
2026-01-07 11:01:30,824 - VisionTera.Training - INFO - Epoch 7 [100/1261] Loss: 0.3284
2026-01-07 11:01:51,956 - VisionTera.Training - INFO - Epoch 7 [200/1261] Loss: 0.2598
2026-01-07 11:02:13,173 - VisionTera.Training - INFO - Epoch 7 [300/1261] Loss: 0.3509
2026-01-07 11:02:34,598 - VisionTera.Training - INFO - Epoch 7 [400/1261] Loss: 0.2554
2026-01-07 11:02:56,019 - VisionTera.Training - INFO - Epoch 7 [500/1261] Loss: 0.2321
2026-01-07 11:03:17,418 - VisionTera.Training - INFO - Epoch 7 [600/1261] Loss: 0.1951
2026-01-07 11:03:38,744 - VisionTera.Training - INFO - Epoch 7 [700/1261] Loss: 0.2655
2026-01-07 11:04:00,147 - VisionTera.Training - INFO - Epoch 7 [800/1261] Loss: 0.2635
2026-01-07 11:04:21,608 - VisionTera.Training - INFO - Epoch 7 [900/1261] Loss: 0.1631
2026-01-07 11:04:43,127 - VisionTera.Training - INFO - Epoch 7 [1000/1261] Loss: 0.1672
2026-01-07 11:05:04,449 - VisionTera.Training - INFO - Epoch 7 [1100/1261] Loss: 0.1913
2026-01-07 11:05:25,847 - VisionTera.Training - INFO - Epoch 7 [1200/1261] Loss: 0.3370
2026-01-07 11:05:50,756 - VisionTera.Training - INFO - Epoch 7/30 | Loss: 0.2546 | Train Acc: 0.8949 | Val Acc: 0.8074
2026-01-07 11:05:50,756 - VisionTera.Training - INFO -   Male Acc: 0.8320 | Female Acc: 0.7819
2026-01-07 11:05:51,657 - VisionTera.Training - INFO - Epoch 8 [0/1261] Loss: 0.2575
2026-01-07 11:06:13,026 - VisionTera.Training - INFO - Epoch 8 [100/1261] Loss: 0.2119
2026-01-07 11:06:37,309 - VisionTera.Training - INFO - Epoch 8 [200/1261] Loss: 0.2731
2026-01-07 11:07:01,696 - VisionTera.Training - INFO - Epoch 8 [300/1261] Loss: 0.3005
2026-01-07 11:07:25,596 - VisionTera.Training - INFO - Epoch 8 [400/1261] Loss: 0.1798
2026-01-07 11:07:49,734 - VisionTera.Training - INFO - Epoch 8 [500/1261] Loss: 0.1965
2026-01-07 11:08:14,258 - VisionTera.Training - INFO - Epoch 8 [600/1261] Loss: 0.4065
2026-01-07 11:08:40,422 - VisionTera.Training - INFO - Epoch 8 [700/1261] Loss: 0.2966
2026-01-07 11:09:07,177 - VisionTera.Training - INFO - Epoch 8 [800/1261] Loss: 0.2573
2026-01-07 11:09:34,484 - VisionTera.Training - INFO - Epoch 8 [900/1261] Loss: 0.2164
2026-01-07 11:10:02,295 - VisionTera.Training - INFO - Epoch 8 [1000/1261] Loss: 0.2384
2026-01-07 11:10:30,234 - VisionTera.Training - INFO - Epoch 8 [1100/1261] Loss: 0.3121
2026-01-07 11:11:01,927 - VisionTera.Training - INFO - Epoch 8 [1200/1261] Loss: 0.1756
2026-01-07 11:12:06,124 - VisionTera.Training - INFO - Epoch 8/30 | Loss: 0.2500 | Train Acc: 0.8989 | Val Acc: 0.8068
2026-01-07 11:12:06,124 - VisionTera.Training - INFO -   Male Acc: 0.7269 | Female Acc: 0.8893
2026-01-07 11:12:07,746 - VisionTera.Training - INFO - Epoch 9 [0/1261] Loss: 0.2434
2026-01-07 11:12:38,766 - VisionTera.Training - INFO - Epoch 9 [100/1261] Loss: 0.2684
2026-01-07 11:13:08,319 - VisionTera.Training - INFO - Epoch 9 [200/1261] Loss: 0.2297
2026-01-07 11:13:37,093 - VisionTera.Training - INFO - Epoch 9 [300/1261] Loss: 0.3588
2026-01-07 11:14:05,697 - VisionTera.Training - INFO - Epoch 9 [400/1261] Loss: 0.3556
2026-01-07 11:14:34,261 - VisionTera.Training - INFO - Epoch 9 [500/1261] Loss: 0.1878
2026-01-07 11:15:02,753 - VisionTera.Training - INFO - Epoch 9 [600/1261] Loss: 0.1226
2026-01-07 11:15:31,563 - VisionTera.Training - INFO - Epoch 9 [700/1261] Loss: 0.1819
2026-01-07 11:16:00,497 - VisionTera.Training - INFO - Epoch 9 [800/1261] Loss: 0.1615
2026-01-07 11:16:29,651 - VisionTera.Training - INFO - Epoch 9 [900/1261] Loss: 0.3247
2026-01-07 11:16:58,629 - VisionTera.Training - INFO - Epoch 9 [1000/1261] Loss: 0.4031
2026-01-07 11:17:27,559 - VisionTera.Training - INFO - Epoch 9 [1100/1261] Loss: 0.1141
2026-01-07 11:17:57,120 - VisionTera.Training - INFO - Epoch 9 [1200/1261] Loss: 0.3126
2026-01-07 11:18:31,560 - VisionTera.Training - INFO - Epoch 9/30 | Loss: 0.2436 | Train Acc: 0.9023 | Val Acc: 0.8080
2026-01-07 11:18:31,560 - VisionTera.Training - INFO -   Male Acc: 0.7755 | Female Acc: 0.8415
2026-01-07 11:18:32,859 - VisionTera.Training - INFO - Epoch 10 [0/1261] Loss: 0.0909
2026-01-07 11:19:01,959 - VisionTera.Training - INFO - Epoch 10 [100/1261] Loss: 0.3566
2026-01-07 11:19:31,655 - VisionTera.Training - INFO - Epoch 10 [200/1261] Loss: 0.2966
2026-01-07 11:20:01,279 - VisionTera.Training - INFO - Epoch 10 [300/1261] Loss: 0.2486
2026-01-07 11:20:30,719 - VisionTera.Training - INFO - Epoch 10 [400/1261] Loss: 0.1807
2026-01-07 11:21:00,144 - VisionTera.Training - INFO - Epoch 10 [500/1261] Loss: 0.2439
2026-01-07 11:21:29,570 - VisionTera.Training - INFO - Epoch 10 [600/1261] Loss: 0.1363
2026-01-07 11:21:59,064 - VisionTera.Training - INFO - Epoch 10 [700/1261] Loss: 0.2882
2026-01-07 11:22:29,182 - VisionTera.Training - INFO - Epoch 10 [800/1261] Loss: 0.3581
2026-01-07 11:23:01,717 - VisionTera.Training - INFO - Epoch 10 [900/1261] Loss: 0.3119
2026-01-07 11:23:32,841 - VisionTera.Training - INFO - Epoch 10 [1000/1261] Loss: 0.3045
2026-01-07 11:24:03,314 - VisionTera.Training - INFO - Epoch 10 [1100/1261] Loss: 0.3688
2026-01-07 11:24:33,097 - VisionTera.Training - INFO - Epoch 10 [1200/1261] Loss: 0.2487
2026-01-07 11:25:36,061 - VisionTera.Training - INFO - Epoch 10/30 | Loss: 0.2230 | Train Acc: 0.9103 | Val Acc: 0.8093
2026-01-07 11:25:36,061 - VisionTera.Training - INFO -   Male Acc: 0.8660 | Female Acc: 0.7508
2026-01-07 11:25:37,460 - VisionTera.Training - INFO - Epoch 11 [0/1261] Loss: 0.2791
2026-01-07 11:26:05,995 - VisionTera.Training - INFO - Epoch 11 [100/1261] Loss: 0.2137
2026-01-07 11:26:35,012 - VisionTera.Training - INFO - Epoch 11 [200/1261] Loss: 0.2499
2026-01-07 11:27:04,921 - VisionTera.Training - INFO - Epoch 11 [300/1261] Loss: 0.1275
2026-01-07 11:27:34,524 - VisionTera.Training - INFO - Epoch 11 [400/1261] Loss: 0.1728
2026-01-07 11:28:04,140 - VisionTera.Training - INFO - Epoch 11 [500/1261] Loss: 0.2785
2026-01-07 11:28:33,616 - VisionTera.Training - INFO - Epoch 11 [600/1261] Loss: 0.1972
2026-01-07 11:29:03,234 - VisionTera.Training - INFO - Epoch 11 [700/1261] Loss: 0.2472
2026-01-07 11:29:33,149 - VisionTera.Training - INFO - Epoch 11 [800/1261] Loss: 0.1768
2026-01-07 11:30:00,046 - VisionTera.Training - INFO - Epoch 11 [900/1261] Loss: 0.1796
2026-01-07 11:30:24,647 - VisionTera.Training - INFO - Epoch 11 [1000/1261] Loss: 0.2564
2026-01-07 11:30:49,134 - VisionTera.Training - INFO - Epoch 11 [1100/1261] Loss: 0.2132
2026-01-07 11:31:12,616 - VisionTera.Training - INFO - Epoch 11 [1200/1261] Loss: 0.2711
2026-01-07 11:31:39,851 - VisionTera.Training - INFO - Epoch 11/30 | Loss: 0.2106 | Train Acc: 0.9162 | Val Acc: 0.8265
2026-01-07 11:31:39,851 - VisionTera.Training - INFO -   Male Acc: 0.7963 | Female Acc: 0.8577
2026-01-07 11:31:40,986 - VisionTera.Training - INFO - Epoch 12 [0/1261] Loss: 0.2271
2026-01-07 11:32:21,844 - VisionTera.Training - INFO - Epoch 12 [100/1261] Loss: 0.1843
2026-01-07 11:32:56,314 - VisionTera.Training - INFO - Epoch 12 [200/1261] Loss: 0.2871
2026-01-07 11:33:27,638 - VisionTera.Training - INFO - Epoch 12 [300/1261] Loss: 0.2319
2026-01-07 11:33:58,586 - VisionTera.Training - INFO - Epoch 12 [400/1261] Loss: 0.2946
2026-01-07 11:34:44,438 - VisionTera.Training - INFO - Epoch 12 [500/1261] Loss: 0.1181
2026-01-07 11:35:36,420 - VisionTera.Training - INFO - Epoch 12 [600/1261] Loss: 0.1781
2026-01-07 11:36:23,029 - VisionTera.Training - INFO - Epoch 12 [700/1261] Loss: 0.1888
2026-01-07 11:36:58,249 - VisionTera.Training - INFO - Epoch 12 [800/1261] Loss: 0.1297
2026-01-07 11:37:32,142 - VisionTera.Training - INFO - Epoch 12 [900/1261] Loss: 0.2050
2026-01-07 11:38:04,381 - VisionTera.Training - INFO - Epoch 12 [1000/1261] Loss: 0.2123
2026-01-07 11:38:35,433 - VisionTera.Training - INFO - Epoch 12 [1100/1261] Loss: 0.1293
2026-01-07 11:39:05,386 - VisionTera.Training - INFO - Epoch 12 [1200/1261] Loss: 0.3663
2026-01-07 11:40:09,571 - VisionTera.Training - INFO - Epoch 12/30 | Loss: 0.1952 | Train Acc: 0.9229 | Val Acc: 0.8316
2026-01-07 11:40:09,576 - VisionTera.Training - INFO -   Male Acc: 0.7987 | Female Acc: 0.8657
2026-01-07 11:40:11,371 - VisionTera.Training - INFO - Epoch 13 [0/1261] Loss: 0.2054
2026-01-07 11:40:44,829 - VisionTera.Training - INFO - Epoch 13 [100/1261] Loss: 0.2847
2026-01-07 11:41:17,920 - VisionTera.Training - INFO - Epoch 13 [200/1261] Loss: 0.2894
2026-01-07 11:41:49,066 - VisionTera.Training - INFO - Epoch 13 [300/1261] Loss: 0.1899
2026-01-07 11:42:19,921 - VisionTera.Training - INFO - Epoch 13 [400/1261] Loss: 0.1957
2026-01-07 11:42:48,074 - VisionTera.Training - INFO - Epoch 13 [500/1261] Loss: 0.1593
2026-01-07 11:43:16,504 - VisionTera.Training - INFO - Epoch 13 [600/1261] Loss: 0.1399
2026-01-07 11:43:44,297 - VisionTera.Training - INFO - Epoch 13 [700/1261] Loss: 0.2103
2026-01-07 11:44:11,261 - VisionTera.Training - INFO - Epoch 13 [800/1261] Loss: 0.1173
2026-01-07 11:44:39,565 - VisionTera.Training - INFO - Epoch 13 [900/1261] Loss: 0.1546
2026-01-07 11:45:09,795 - VisionTera.Training - INFO - Epoch 13 [1000/1261] Loss: 0.1611
2026-01-07 11:45:39,085 - VisionTera.Training - INFO - Epoch 13 [1100/1261] Loss: 0.1509
2026-01-07 11:46:07,465 - VisionTera.Training - INFO - Epoch 13 [1200/1261] Loss: 0.0643
2026-01-07 11:47:11,321 - VisionTera.Training - INFO - Epoch 13/30 | Loss: 0.1780 | Train Acc: 0.9294 | Val Acc: 0.8191
2026-01-07 11:47:11,322 - VisionTera.Training - INFO -   Male Acc: 0.8549 | Female Acc: 0.7821
2026-01-07 11:47:12,805 - VisionTera.Training - INFO - Epoch 14 [0/1261] Loss: 0.2365
2026-01-07 11:47:41,145 - VisionTera.Training - INFO - Epoch 14 [100/1261] Loss: 0.2267
2026-01-07 11:48:08,142 - VisionTera.Training - INFO - Epoch 14 [200/1261] Loss: 0.1524
2026-01-07 11:48:33,699 - VisionTera.Training - INFO - Epoch 14 [300/1261] Loss: 0.1194
2026-01-07 11:48:58,422 - VisionTera.Training - INFO - Epoch 14 [400/1261] Loss: 0.1892
2026-01-07 11:49:23,880 - VisionTera.Training - INFO - Epoch 14 [500/1261] Loss: 0.1745
2026-01-07 11:49:48,482 - VisionTera.Training - INFO - Epoch 14 [600/1261] Loss: 0.0658
2026-01-07 11:50:11,455 - VisionTera.Training - INFO - Epoch 14 [700/1261] Loss: 0.1044
2026-01-07 11:50:34,788 - VisionTera.Training - INFO - Epoch 14 [800/1261] Loss: 0.1730
2026-01-07 11:50:56,968 - VisionTera.Training - INFO - Epoch 14 [900/1261] Loss: 0.1054
2026-01-07 11:51:21,070 - VisionTera.Training - INFO - Epoch 14 [1000/1261] Loss: 0.2564
2026-01-07 11:51:43,325 - VisionTera.Training - INFO - Epoch 14 [1100/1261] Loss: 0.3144
2026-01-07 11:52:05,514 - VisionTera.Training - INFO - Epoch 14 [1200/1261] Loss: 0.1282
2026-01-07 11:52:30,836 - VisionTera.Training - INFO - Epoch 14/30 | Loss: 0.1676 | Train Acc: 0.9353 | Val Acc: 0.8296
2026-01-07 11:52:30,837 - VisionTera.Training - INFO -   Male Acc: 0.8539 | Female Acc: 0.8044
2026-01-07 11:52:32,188 - VisionTera.Training - INFO - Epoch 15 [0/1261] Loss: 0.2535
2026-01-07 11:52:58,778 - VisionTera.Training - INFO - Epoch 15 [100/1261] Loss: 0.1865
2026-01-07 11:53:24,530 - VisionTera.Training - INFO - Epoch 15 [200/1261] Loss: 0.1854
2026-01-07 11:53:51,776 - VisionTera.Training - INFO - Epoch 15 [300/1261] Loss: 0.2427
2026-01-07 11:54:18,733 - VisionTera.Training - INFO - Epoch 15 [400/1261] Loss: 0.1348
2026-01-07 11:54:43,576 - VisionTera.Training - INFO - Epoch 15 [500/1261] Loss: 0.1256
2026-01-07 11:55:09,159 - VisionTera.Training - INFO - Epoch 15 [600/1261] Loss: 0.1719
2026-01-07 11:55:34,373 - VisionTera.Training - INFO - Epoch 15 [700/1261] Loss: 0.0914
2026-01-07 11:55:59,876 - VisionTera.Training - INFO - Epoch 15 [800/1261] Loss: 0.1733
2026-01-07 11:56:27,086 - VisionTera.Training - INFO - Epoch 15 [900/1261] Loss: 0.1707
2026-01-07 11:56:53,890 - VisionTera.Training - INFO - Epoch 15 [1000/1261] Loss: 0.2238
2026-01-07 11:57:18,797 - VisionTera.Training - INFO - Epoch 15 [1100/1261] Loss: 0.1902
2026-01-07 11:57:49,547 - VisionTera.Training - INFO - Epoch 15 [1200/1261] Loss: 0.0850
2026-01-07 11:58:55,010 - VisionTera.Training - INFO - Epoch 15/30 | Loss: 0.1520 | Train Acc: 0.9407 | Val Acc: 0.8365
2026-01-07 11:58:55,011 - VisionTera.Training - INFO -   Male Acc: 0.8381 | Female Acc: 0.8349
2026-01-07 11:58:56,372 - VisionTera.Training - INFO - Epoch 16 [0/1261] Loss: 0.0797
2026-01-07 11:59:26,648 - VisionTera.Training - INFO - Epoch 16 [100/1261] Loss: 0.1873
2026-01-07 11:59:56,906 - VisionTera.Training - INFO - Epoch 16 [200/1261] Loss: 0.0993
2026-01-07 12:00:26,925 - VisionTera.Training - INFO - Epoch 16 [300/1261] Loss: 0.1481
2026-01-07 12:00:55,238 - VisionTera.Training - INFO - Epoch 16 [400/1261] Loss: 0.1898
2026-01-07 12:01:22,661 - VisionTera.Training - INFO - Epoch 16 [500/1261] Loss: 0.0665
2026-01-07 12:01:49,253 - VisionTera.Training - INFO - Epoch 16 [600/1261] Loss: 0.1115
2026-01-07 12:02:14,629 - VisionTera.Training - INFO - Epoch 16 [700/1261] Loss: 0.1798
2026-01-07 12:02:40,286 - VisionTera.Training - INFO - Epoch 16 [800/1261] Loss: 0.1215
2026-01-07 12:03:04,810 - VisionTera.Training - INFO - Epoch 16 [900/1261] Loss: 0.1034
2026-01-07 12:03:28,576 - VisionTera.Training - INFO - Epoch 16 [1000/1261] Loss: 0.0698
2026-01-07 12:03:52,107 - VisionTera.Training - INFO - Epoch 16 [1100/1261] Loss: 0.0758
2026-01-07 12:04:21,432 - VisionTera.Training - INFO - Epoch 16 [1200/1261] Loss: 0.1002
2026-01-07 12:05:11,765 - VisionTera.Training - INFO - Epoch 16/30 | Loss: 0.1393 | Train Acc: 0.9458 | Val Acc: 0.8211
2026-01-07 12:05:11,766 - VisionTera.Training - INFO -   Male Acc: 0.7891 | Female Acc: 0.8542
2026-01-07 12:05:13,093 - VisionTera.Training - INFO - Epoch 17 [0/1261] Loss: 0.1720
2026-01-07 12:05:40,719 - VisionTera.Training - INFO - Epoch 17 [100/1261] Loss: 0.1612
2026-01-07 12:06:06,196 - VisionTera.Training - INFO - Epoch 17 [200/1261] Loss: 0.1349
2026-01-07 12:06:32,208 - VisionTera.Training - INFO - Epoch 17 [300/1261] Loss: 0.1662
2026-01-07 12:06:56,553 - VisionTera.Training - INFO - Epoch 17 [400/1261] Loss: 0.0963
2026-01-07 12:07:21,033 - VisionTera.Training - INFO - Epoch 17 [500/1261] Loss: 0.0449
2026-01-07 12:07:45,109 - VisionTera.Training - INFO - Epoch 17 [600/1261] Loss: 0.1820
2026-01-07 12:08:07,222 - VisionTera.Training - INFO - Epoch 17 [700/1261] Loss: 0.1294
2026-01-07 12:08:29,692 - VisionTera.Training - INFO - Epoch 17 [800/1261] Loss: 0.1739
2026-01-07 12:08:51,823 - VisionTera.Training - INFO - Epoch 17 [900/1261] Loss: 0.0532
2026-01-07 12:09:14,704 - VisionTera.Training - INFO - Epoch 17 [1000/1261] Loss: 0.1294
2026-01-07 12:09:38,213 - VisionTera.Training - INFO - Epoch 17 [1100/1261] Loss: 0.0861
2026-01-07 12:10:03,283 - VisionTera.Training - INFO - Epoch 17 [1200/1261] Loss: 0.1543
2026-01-07 12:10:31,905 - VisionTera.Training - INFO - Epoch 17/30 | Loss: 0.1264 | Train Acc: 0.9516 | Val Acc: 0.8491
2026-01-07 12:10:31,906 - VisionTera.Training - INFO -   Male Acc: 0.8433 | Female Acc: 0.8550
2026-01-07 12:10:32,247 - VisionTera.Training - INFO - Saved best model to infrastructure\models\v_20260107_102312\best_model.pt (Acc: 0.8491)
2026-01-07 12:10:33,440 - VisionTera.Training - INFO - Epoch 18 [0/1261] Loss: 0.0614
2026-01-07 12:11:09,282 - VisionTera.Training - INFO - Epoch 18 [100/1261] Loss: 0.0856
2026-01-07 12:11:42,743 - VisionTera.Training - INFO - Epoch 18 [200/1261] Loss: 0.0851
2026-01-07 12:12:14,044 - VisionTera.Training - INFO - Epoch 18 [300/1261] Loss: 0.0674
2026-01-07 12:12:44,828 - VisionTera.Training - INFO - Epoch 18 [400/1261] Loss: 0.1187
2026-01-07 12:13:14,559 - VisionTera.Training - INFO - Epoch 18 [500/1261] Loss: 0.2082
2026-01-07 12:13:43,604 - VisionTera.Training - INFO - Epoch 18 [600/1261] Loss: 0.1236
2026-01-07 12:14:11,892 - VisionTera.Training - INFO - Epoch 18 [700/1261] Loss: 0.1375
2026-01-07 12:14:39,720 - VisionTera.Training - INFO - Epoch 18 [800/1261] Loss: 0.1777
2026-01-07 12:15:07,839 - VisionTera.Training - INFO - Epoch 18 [900/1261] Loss: 0.1239
2026-01-07 12:15:35,959 - VisionTera.Training - INFO - Epoch 18 [1000/1261] Loss: 0.1842
2026-01-07 12:16:04,084 - VisionTera.Training - INFO - Epoch 18 [1100/1261] Loss: 0.0916
2026-01-07 12:16:32,446 - VisionTera.Training - INFO - Epoch 18 [1200/1261] Loss: 0.1396
2026-01-07 12:17:11,771 - VisionTera.Training - INFO - Epoch 18/30 | Loss: 0.1141 | Train Acc: 0.9567 | Val Acc: 0.8415
2026-01-07 12:17:11,772 - VisionTera.Training - INFO -   Male Acc: 0.8342 | Female Acc: 0.8490
2026-01-07 12:17:12,961 - VisionTera.Training - INFO - Epoch 19 [0/1261] Loss: 0.0834
2026-01-07 12:17:41,010 - VisionTera.Training - INFO - Epoch 19 [100/1261] Loss: 0.1147
2026-01-07 12:18:09,410 - VisionTera.Training - INFO - Epoch 19 [200/1261] Loss: 0.0822
2026-01-07 12:18:37,979 - VisionTera.Training - INFO - Epoch 19 [300/1261] Loss: 0.1000
2026-01-07 12:19:06,676 - VisionTera.Training - INFO - Epoch 19 [400/1261] Loss: 0.1108
2026-01-07 12:19:35,523 - VisionTera.Training - INFO - Epoch 19 [500/1261] Loss: 0.0721
2026-01-07 12:20:04,289 - VisionTera.Training - INFO - Epoch 19 [600/1261] Loss: 0.1158
2026-01-07 12:20:36,279 - VisionTera.Training - INFO - Epoch 19 [700/1261] Loss: 0.0513
2026-01-07 12:21:10,124 - VisionTera.Training - INFO - Epoch 19 [800/1261] Loss: 0.1267
2026-01-07 12:21:42,882 - VisionTera.Training - INFO - Epoch 19 [900/1261] Loss: 0.0739
2026-01-07 12:22:14,112 - VisionTera.Training - INFO - Epoch 19 [1000/1261] Loss: 0.0338
2026-01-07 12:22:44,713 - VisionTera.Training - INFO - Epoch 19 [1100/1261] Loss: 0.1122
2026-01-07 12:23:14,219 - VisionTera.Training - INFO - Epoch 19 [1200/1261] Loss: 0.1120
2026-01-07 12:23:48,862 - VisionTera.Training - INFO - Epoch 19/30 | Loss: 0.1006 | Train Acc: 0.9621 | Val Acc: 0.8468
2026-01-07 12:23:48,862 - VisionTera.Training - INFO -   Male Acc: 0.8404 | Female Acc: 0.8534
2026-01-07 12:23:50,307 - VisionTera.Training - INFO - Epoch 20 [0/1261] Loss: 0.0674
2026-01-07 12:24:19,661 - VisionTera.Training - INFO - Epoch 20 [100/1261] Loss: 0.3546
2026-01-07 12:24:48,990 - VisionTera.Training - INFO - Epoch 20 [200/1261] Loss: 0.0353
2026-01-07 12:25:18,484 - VisionTera.Training - INFO - Epoch 20 [300/1261] Loss: 0.1889
2026-01-07 12:25:47,987 - VisionTera.Training - INFO - Epoch 20 [400/1261] Loss: 0.0647
2026-01-07 12:26:17,640 - VisionTera.Training - INFO - Epoch 20 [500/1261] Loss: 0.2585
2026-01-07 12:26:47,138 - VisionTera.Training - INFO - Epoch 20 [600/1261] Loss: 0.0905
2026-01-07 12:27:16,797 - VisionTera.Training - INFO - Epoch 20 [700/1261] Loss: 0.1547
2026-01-07 12:27:46,324 - VisionTera.Training - INFO - Epoch 20 [800/1261] Loss: 0.0151
2026-01-07 12:28:15,941 - VisionTera.Training - INFO - Epoch 20 [900/1261] Loss: 0.1224
2026-01-07 12:28:45,487 - VisionTera.Training - INFO - Epoch 20 [1000/1261] Loss: 0.0883
2026-01-07 12:29:14,991 - VisionTera.Training - INFO - Epoch 20 [1100/1261] Loss: 0.1168
2026-01-07 12:29:44,440 - VisionTera.Training - INFO - Epoch 20 [1200/1261] Loss: 0.1146
2026-01-07 12:30:18,631 - VisionTera.Training - INFO - Epoch 20/30 | Loss: 0.0895 | Train Acc: 0.9659 | Val Acc: 0.8497
2026-01-07 12:30:18,632 - VisionTera.Training - INFO -   Male Acc: 0.8197 | Female Acc: 0.8806
2026-01-07 12:30:18,868 - VisionTera.Training - INFO - Saved best model to infrastructure\models\v_20260107_102312\best_model.pt (Acc: 0.8497)
2026-01-07 12:30:20,045 - VisionTera.Training - INFO - Epoch 21 [0/1261] Loss: 0.0714
2026-01-07 12:30:49,407 - VisionTera.Training - INFO - Epoch 21 [100/1261] Loss: 0.0218
2026-01-07 12:31:18,827 - VisionTera.Training - INFO - Epoch 21 [200/1261] Loss: 0.0430
2026-01-07 12:31:48,208 - VisionTera.Training - INFO - Epoch 21 [300/1261] Loss: 0.0476
2026-01-07 12:32:17,523 - VisionTera.Training - INFO - Epoch 21 [400/1261] Loss: 0.1177
2026-01-07 12:32:46,897 - VisionTera.Training - INFO - Epoch 21 [500/1261] Loss: 0.0168
2026-01-07 12:33:16,174 - VisionTera.Training - INFO - Epoch 21 [600/1261] Loss: 0.0104
2026-01-07 12:33:45,644 - VisionTera.Training - INFO - Epoch 21 [700/1261] Loss: 0.0766
2026-01-07 12:34:15,144 - VisionTera.Training - INFO - Epoch 21 [800/1261] Loss: 0.1402
2026-01-07 12:34:44,483 - VisionTera.Training - INFO - Epoch 21 [900/1261] Loss: 0.0692
2026-01-07 12:35:13,802 - VisionTera.Training - INFO - Epoch 21 [1000/1261] Loss: 0.0891
2026-01-07 12:35:43,049 - VisionTera.Training - INFO - Epoch 21 [1100/1261] Loss: 0.0320
2026-01-07 12:36:12,431 - VisionTera.Training - INFO - Epoch 21 [1200/1261] Loss: 0.0305
2026-01-07 12:36:46,806 - VisionTera.Training - INFO - Epoch 21/30 | Loss: 0.0756 | Train Acc: 0.9715 | Val Acc: 0.8434
2026-01-07 12:36:46,807 - VisionTera.Training - INFO -   Male Acc: 0.8564 | Female Acc: 0.8300
2026-01-07 12:36:47,845 - VisionTera.Training - INFO - Epoch 22 [0/1261] Loss: 0.1221
2026-01-07 12:37:16,918 - VisionTera.Training - INFO - Epoch 22 [100/1261] Loss: 0.0387
2026-01-07 12:37:46,203 - VisionTera.Training - INFO - Epoch 22 [200/1261] Loss: 0.0264
2026-01-07 12:38:15,447 - VisionTera.Training - INFO - Epoch 22 [300/1261] Loss: 0.1124
2026-01-07 12:38:44,823 - VisionTera.Training - INFO - Epoch 22 [400/1261] Loss: 0.0485
2026-01-07 12:39:14,107 - VisionTera.Training - INFO - Epoch 22 [500/1261] Loss: 0.0262
2026-01-07 12:39:43,435 - VisionTera.Training - INFO - Epoch 22 [600/1261] Loss: 0.0677
2026-01-07 12:40:12,631 - VisionTera.Training - INFO - Epoch 22 [700/1261] Loss: 0.0667
2026-01-07 12:40:42,077 - VisionTera.Training - INFO - Epoch 22 [800/1261] Loss: 0.1549
2026-01-07 12:41:11,450 - VisionTera.Training - INFO - Epoch 22 [900/1261] Loss: 0.1628
2026-01-07 12:41:40,761 - VisionTera.Training - INFO - Epoch 22 [1000/1261] Loss: 0.0752
2026-01-07 12:42:09,974 - VisionTera.Training - INFO - Epoch 22 [1100/1261] Loss: 0.0848
2026-01-07 12:42:39,343 - VisionTera.Training - INFO - Epoch 22 [1200/1261] Loss: 0.0346
2026-01-07 12:43:13,578 - VisionTera.Training - INFO - Epoch 22/30 | Loss: 0.0670 | Train Acc: 0.9756 | Val Acc: 0.8506
2026-01-07 12:43:13,578 - VisionTera.Training - INFO -   Male Acc: 0.8527 | Female Acc: 0.8484
2026-01-07 12:43:13,830 - VisionTera.Training - INFO - Saved best model to infrastructure\models\v_20260107_102312\best_model.pt (Acc: 0.8506)
2026-01-07 12:43:14,757 - VisionTera.Training - INFO - Epoch 23 [0/1261] Loss: 0.1083
2026-01-07 12:43:43,963 - VisionTera.Training - INFO - Epoch 23 [100/1261] Loss: 0.0558
2026-01-07 12:44:13,180 - VisionTera.Training - INFO - Epoch 23 [200/1261] Loss: 0.0201
2026-01-07 12:44:42,492 - VisionTera.Training - INFO - Epoch 23 [300/1261] Loss: 0.1168
2026-01-07 12:45:11,716 - VisionTera.Training - INFO - Epoch 23 [400/1261] Loss: 0.1319
2026-01-07 12:45:40,823 - VisionTera.Training - INFO - Epoch 23 [500/1261] Loss: 0.1478
2026-01-07 12:46:10,148 - VisionTera.Training - INFO - Epoch 23 [600/1261] Loss: 0.0830
2026-01-07 12:46:39,390 - VisionTera.Training - INFO - Epoch 23 [700/1261] Loss: 0.0189
2026-01-07 12:47:08,594 - VisionTera.Training - INFO - Epoch 23 [800/1261] Loss: 0.0574
2026-01-07 12:47:37,817 - VisionTera.Training - INFO - Epoch 23 [900/1261] Loss: 0.0152
2026-01-07 12:48:07,005 - VisionTera.Training - INFO - Epoch 23 [1000/1261] Loss: 0.0211
2026-01-07 12:48:36,031 - VisionTera.Training - INFO - Epoch 23 [1100/1261] Loss: 0.0347
2026-01-07 12:49:05,258 - VisionTera.Training - INFO - Epoch 23 [1200/1261] Loss: 0.0369
2026-01-07 12:49:39,146 - VisionTera.Training - INFO - Epoch 23/30 | Loss: 0.0560 | Train Acc: 0.9792 | Val Acc: 0.8366
2026-01-07 12:49:39,146 - VisionTera.Training - INFO -   Male Acc: 0.8736 | Female Acc: 0.7984
2026-01-07 12:49:40,207 - VisionTera.Training - INFO - Epoch 24 [0/1261] Loss: 0.0437
2026-01-07 12:50:09,194 - VisionTera.Training - INFO - Epoch 24 [100/1261] Loss: 0.0618
2026-01-07 12:50:38,308 - VisionTera.Training - INFO - Epoch 24 [200/1261] Loss: 0.0727
2026-01-07 12:51:07,556 - VisionTera.Training - INFO - Epoch 24 [300/1261] Loss: 0.0581
2026-01-07 12:51:36,842 - VisionTera.Training - INFO - Epoch 24 [400/1261] Loss: 0.0135
2026-01-07 12:52:06,114 - VisionTera.Training - INFO - Epoch 24 [500/1261] Loss: 0.0093
2026-01-07 12:52:35,443 - VisionTera.Training - INFO - Epoch 24 [600/1261] Loss: 0.0369
2026-01-07 12:53:04,837 - VisionTera.Training - INFO - Epoch 24 [700/1261] Loss: 0.0896
2026-01-07 12:53:34,145 - VisionTera.Training - INFO - Epoch 24 [800/1261] Loss: 0.0058
2026-01-07 12:54:03,408 - VisionTera.Training - INFO - Epoch 24 [900/1261] Loss: 0.0362
2026-01-07 12:54:33,164 - VisionTera.Training - INFO - Epoch 24 [1000/1261] Loss: 0.0232
2026-01-07 12:54:59,438 - VisionTera.Training - INFO - Epoch 24 [1100/1261] Loss: 0.0421
2026-01-07 12:55:23,389 - VisionTera.Training - INFO - Epoch 24 [1200/1261] Loss: 0.0111
2026-01-07 12:55:50,628 - VisionTera.Training - INFO - Epoch 24/30 | Loss: 0.0470 | Train Acc: 0.9826 | Val Acc: 0.8518
2026-01-07 12:55:50,629 - VisionTera.Training - INFO -   Male Acc: 0.8508 | Female Acc: 0.8528
2026-01-07 12:55:50,829 - VisionTera.Training - INFO - Saved best model to infrastructure\models\v_20260107_102312\best_model.pt (Acc: 0.8518)
2026-01-07 12:55:51,782 - VisionTera.Training - INFO - Epoch 25 [0/1261] Loss: 0.0832
2026-01-07 12:56:14,377 - VisionTera.Training - INFO - Epoch 25 [100/1261] Loss: 0.0061
2026-01-07 12:56:36,767 - VisionTera.Training - INFO - Epoch 25 [200/1261] Loss: 0.0168
2026-01-07 12:56:58,784 - VisionTera.Training - INFO - Epoch 25 [300/1261] Loss: 0.0643
2026-01-07 12:57:20,739 - VisionTera.Training - INFO - Epoch 25 [400/1261] Loss: 0.0197
2026-01-07 12:57:42,689 - VisionTera.Training - INFO - Epoch 25 [500/1261] Loss: 0.0618
2026-01-07 12:58:04,520 - VisionTera.Training - INFO - Epoch 25 [600/1261] Loss: 0.0273
2026-01-07 12:58:26,320 - VisionTera.Training - INFO - Epoch 25 [700/1261] Loss: 0.0921
2026-01-07 12:58:48,256 - VisionTera.Training - INFO - Epoch 25 [800/1261] Loss: 0.0781
2026-01-07 12:59:10,136 - VisionTera.Training - INFO - Epoch 25 [900/1261] Loss: 0.0390
2026-01-07 12:59:32,172 - VisionTera.Training - INFO - Epoch 25 [1000/1261] Loss: 0.0059
2026-01-07 13:00:07,554 - VisionTera.Training - INFO - Epoch 25 [1100/1261] Loss: 0.0122
2026-01-07 13:00:41,857 - VisionTera.Training - INFO - Epoch 25 [1200/1261] Loss: 0.0251
2026-01-07 13:01:37,363 - VisionTera.Training - INFO - Epoch 25/30 | Loss: 0.0404 | Train Acc: 0.9848 | Val Acc: 0.8504
2026-01-07 13:01:37,364 - VisionTera.Training - INFO -   Male Acc: 0.8469 | Female Acc: 0.8540
2026-01-07 13:01:38,890 - VisionTera.Training - INFO - Epoch 26 [0/1261] Loss: 0.0031
2026-01-07 13:02:11,578 - VisionTera.Training - INFO - Epoch 26 [100/1261] Loss: 0.0791
2026-01-07 13:02:41,116 - VisionTera.Training - INFO - Epoch 26 [200/1261] Loss: 0.0901
2026-01-07 13:03:09,106 - VisionTera.Training - INFO - Epoch 26 [300/1261] Loss: 0.0243
2026-01-07 13:03:37,481 - VisionTera.Training - INFO - Epoch 26 [400/1261] Loss: 0.0210
2026-01-07 13:04:05,301 - VisionTera.Training - INFO - Epoch 26 [500/1261] Loss: 0.0252
2026-01-07 13:04:33,490 - VisionTera.Training - INFO - Epoch 26 [600/1261] Loss: 0.0090
2026-01-07 13:05:00,918 - VisionTera.Training - INFO - Epoch 26 [700/1261] Loss: 0.0085
2026-01-07 13:05:25,729 - VisionTera.Training - INFO - Epoch 26 [800/1261] Loss: 0.0146
2026-01-07 13:05:51,036 - VisionTera.Training - INFO - Epoch 26 [900/1261] Loss: 0.0933
2026-01-07 13:06:13,797 - VisionTera.Training - INFO - Epoch 26 [1000/1261] Loss: 0.0241
2026-01-07 13:06:36,527 - VisionTera.Training - INFO - Epoch 26 [1100/1261] Loss: 0.0580
2026-01-07 13:06:58,729 - VisionTera.Training - INFO - Epoch 26 [1200/1261] Loss: 0.0078
2026-01-07 13:07:24,178 - VisionTera.Training - INFO - Epoch 26/30 | Loss: 0.0348 | Train Acc: 0.9871 | Val Acc: 0.8462
2026-01-07 13:07:24,178 - VisionTera.Training - INFO -   Male Acc: 0.8549 | Female Acc: 0.8373
2026-01-07 13:07:25,276 - VisionTera.Training - INFO - Epoch 27 [0/1261] Loss: 0.0532
2026-01-07 13:07:47,669 - VisionTera.Training - INFO - Epoch 27 [100/1261] Loss: 0.0213
2026-01-07 13:08:09,478 - VisionTera.Training - INFO - Epoch 27 [200/1261] Loss: 0.0015
2026-01-07 13:08:32,398 - VisionTera.Training - INFO - Epoch 27 [300/1261] Loss: 0.0058
2026-01-07 13:08:55,119 - VisionTera.Training - INFO - Epoch 27 [400/1261] Loss: 0.0245
2026-01-07 13:09:17,760 - VisionTera.Training - INFO - Epoch 27 [500/1261] Loss: 0.0357
2026-01-07 13:09:41,369 - VisionTera.Training - INFO - Epoch 27 [600/1261] Loss: 0.0288
2026-01-07 13:10:05,018 - VisionTera.Training - INFO - Epoch 27 [700/1261] Loss: 0.0195
2026-01-07 13:10:28,264 - VisionTera.Training - INFO - Epoch 27 [800/1261] Loss: 0.0117
2026-01-07 13:10:51,941 - VisionTera.Training - INFO - Epoch 27 [900/1261] Loss: 0.0036
2026-01-07 13:11:26,067 - VisionTera.Training - INFO - Epoch 27 [1000/1261] Loss: 0.0220
2026-01-07 13:11:59,584 - VisionTera.Training - INFO - Epoch 27 [1100/1261] Loss: 0.0190
2026-01-07 13:12:31,218 - VisionTera.Training - INFO - Epoch 27 [1200/1261] Loss: 0.0080
2026-01-07 13:13:33,837 - VisionTera.Training - INFO - Epoch 27/30 | Loss: 0.0298 | Train Acc: 0.9890 | Val Acc: 0.8491
2026-01-07 13:13:33,838 - VisionTera.Training - INFO -   Male Acc: 0.8627 | Female Acc: 0.8351
2026-01-07 13:13:35,174 - VisionTera.Training - INFO - Epoch 28 [0/1261] Loss: 0.1840
2026-01-07 13:14:03,703 - VisionTera.Training - INFO - Epoch 28 [100/1261] Loss: 0.0381
2026-01-07 13:14:31,714 - VisionTera.Training - INFO - Epoch 28 [200/1261] Loss: 0.0344
2026-01-07 13:14:58,655 - VisionTera.Training - INFO - Epoch 28 [300/1261] Loss: 0.0210
2026-01-07 13:15:25,563 - VisionTera.Training - INFO - Epoch 28 [400/1261] Loss: 0.0366
2026-01-07 13:15:52,202 - VisionTera.Training - INFO - Epoch 28 [500/1261] Loss: 0.0565
2026-01-07 13:16:24,810 - VisionTera.Training - INFO - Epoch 28 [600/1261] Loss: 0.0028
2026-01-07 13:16:59,800 - VisionTera.Training - INFO - Epoch 28 [700/1261] Loss: 0.0051
2026-01-07 13:17:32,418 - VisionTera.Training - INFO - Epoch 28 [800/1261] Loss: 0.0285
2026-01-07 13:18:03,995 - VisionTera.Training - INFO - Epoch 28 [900/1261] Loss: 0.0062
2026-01-07 13:18:33,253 - VisionTera.Training - INFO - Epoch 28 [1000/1261] Loss: 0.0101
2026-01-07 13:19:01,584 - VisionTera.Training - INFO - Epoch 28 [1100/1261] Loss: 0.0213
2026-01-07 13:19:31,861 - VisionTera.Training - INFO - Epoch 28 [1200/1261] Loss: 0.0462
2026-01-07 13:20:25,981 - VisionTera.Training - INFO - Epoch 28/30 | Loss: 0.0274 | Train Acc: 0.9897 | Val Acc: 0.8504
2026-01-07 13:20:25,981 - VisionTera.Training - INFO -   Male Acc: 0.8650 | Female Acc: 0.8353
2026-01-07 13:20:27,361 - VisionTera.Training - INFO - Epoch 29 [0/1261] Loss: 0.0571
2026-01-07 13:20:54,432 - VisionTera.Training - INFO - Epoch 29 [100/1261] Loss: 0.0414
2026-01-07 13:21:20,037 - VisionTera.Training - INFO - Epoch 29 [200/1261] Loss: 0.0036
2026-01-07 13:21:45,815 - VisionTera.Training - INFO - Epoch 29 [300/1261] Loss: 0.0045
2026-01-07 13:22:12,633 - VisionTera.Training - INFO - Epoch 29 [400/1261] Loss: 0.0464
2026-01-07 13:22:38,248 - VisionTera.Training - INFO - Epoch 29 [500/1261] Loss: 0.0058
2026-01-07 13:23:02,891 - VisionTera.Training - INFO - Epoch 29 [600/1261] Loss: 0.0121
2026-01-07 13:23:27,054 - VisionTera.Training - INFO - Epoch 29 [700/1261] Loss: 0.0668
2026-01-07 13:23:50,459 - VisionTera.Training - INFO - Epoch 29 [800/1261] Loss: 0.0470
2026-01-07 13:24:14,230 - VisionTera.Training - INFO - Epoch 29 [900/1261] Loss: 0.0060
2026-01-07 13:24:37,641 - VisionTera.Training - INFO - Epoch 29 [1000/1261] Loss: 0.0155
2026-01-07 13:25:00,922 - VisionTera.Training - INFO - Epoch 29 [1100/1261] Loss: 0.0514
2026-01-07 13:25:23,441 - VisionTera.Training - INFO - Epoch 29 [1200/1261] Loss: 0.0085
2026-01-07 13:25:49,052 - VisionTera.Training - INFO - Epoch 29/30 | Loss: 0.0274 | Train Acc: 0.9903 | Val Acc: 0.8513
2026-01-07 13:25:49,052 - VisionTera.Training - INFO -   Male Acc: 0.8609 | Female Acc: 0.8413
2026-01-07 13:25:50,234 - VisionTera.Training - INFO - Epoch 30 [0/1261] Loss: 0.0044
2026-01-07 13:26:12,511 - VisionTera.Training - INFO - Epoch 30 [100/1261] Loss: 0.0096
2026-01-07 13:26:34,193 - VisionTera.Training - INFO - Epoch 30 [200/1261] Loss: 0.0005
2026-01-07 13:26:55,619 - VisionTera.Training - INFO - Epoch 30 [300/1261] Loss: 0.0197
2026-01-07 13:27:17,495 - VisionTera.Training - INFO - Epoch 30 [400/1261] Loss: 0.0024
2026-01-07 13:27:39,179 - VisionTera.Training - INFO - Epoch 30 [500/1261] Loss: 0.0252
2026-01-07 13:28:01,116 - VisionTera.Training - INFO - Epoch 30 [600/1261] Loss: 0.0081
2026-01-07 13:28:23,036 - VisionTera.Training - INFO - Epoch 30 [700/1261] Loss: 0.0563
2026-01-07 13:28:44,496 - VisionTera.Training - INFO - Epoch 30 [800/1261] Loss: 0.0212
2026-01-07 13:29:06,160 - VisionTera.Training - INFO - Epoch 30 [900/1261] Loss: 0.0391
2026-01-07 13:29:27,624 - VisionTera.Training - INFO - Epoch 30 [1000/1261] Loss: 0.0262
2026-01-07 13:29:49,118 - VisionTera.Training - INFO - Epoch 30 [1100/1261] Loss: 0.0072
2026-01-07 13:30:10,793 - VisionTera.Training - INFO - Epoch 30 [1200/1261] Loss: 0.0069
2026-01-07 13:30:36,236 - VisionTera.Training - INFO - Epoch 30/30 | Loss: 0.0266 | Train Acc: 0.9903 | Val Acc: 0.8510
2026-01-07 13:30:36,237 - VisionTera.Training - INFO -   Male Acc: 0.8666 | Female Acc: 0.8349
2026-01-07 13:30:36,525 - VisionTera.Training - INFO - Training completed! Best accuracy: 0.8518
