2026-01-14 12:09:15,445 - VisionTera.Training - INFO - Starting Training Run: v_20260114_120915
2026-01-14 12:09:15,452 - VisionTera.Training - INFO - Starting PA-100K Gender Classification Training (ResNet50)
2026-01-14 12:09:15,614 - VisionTera.Training - INFO - GPU: NVIDIA GeForce RTX 4060 Laptop GPU
2026-01-14 12:09:15,614 - VisionTera.Training - INFO - VRAM: 8.0 GB
2026-01-14 12:09:45,899 - VisionTera.Training - INFO - [train] Loaded 80685 images. Male: 44034, Female: 36651
2026-01-14 12:09:49,728 - VisionTera.Training - INFO - [val] Loaded 10086 images. Male: 5072, Female: 5014
2026-01-14 12:09:50,215 - VisionTera.Training - INFO - Train: 80685, Val: 10086
2026-01-14 12:09:50,216 - VisionTera.Training - INFO - Batch size: 64, Workers: 4
2026-01-14 12:09:50,221 - VisionTera.Training - INFO - Class distribution - Female: 36651, Male: 44034
2026-01-14 12:09:51,095 - VisionTera.Training - INFO - Training on device: cuda
2026-01-14 12:09:51,095 - VisionTera.Training - INFO - Using ResNet50 pretrained on ImageNet
2026-01-14 12:09:51,095 - VisionTera.Training - INFO - Phase 1: Warming up head (Backbone Frozen) for 5 epochs...
2026-01-14 12:10:25,833 - VisionTera.Training - INFO - Warmup Epoch 1 [0/1261] Loss: 0.7055
2026-01-14 12:10:56,773 - VisionTera.Training - INFO - Warmup Epoch 1 [100/1261] Loss: 0.6593
2026-01-14 12:11:28,301 - VisionTera.Training - INFO - Warmup Epoch 1 [200/1261] Loss: 0.6623
2026-01-14 12:12:03,369 - VisionTera.Training - INFO - Warmup Epoch 1 [300/1261] Loss: 0.6209
2026-01-14 12:12:34,047 - VisionTera.Training - INFO - Warmup Epoch 1 [400/1261] Loss: 0.6453
2026-01-14 12:13:02,624 - VisionTera.Training - INFO - Warmup Epoch 1 [500/1261] Loss: 0.6000
2026-01-14 12:13:30,581 - VisionTera.Training - INFO - Warmup Epoch 1 [600/1261] Loss: 0.6043
2026-01-14 12:13:57,491 - VisionTera.Training - INFO - Warmup Epoch 1 [700/1261] Loss: 0.6226
2026-01-14 12:14:24,311 - VisionTera.Training - INFO - Warmup Epoch 1 [800/1261] Loss: 0.5803
2026-01-14 12:14:50,026 - VisionTera.Training - INFO - Warmup Epoch 1 [900/1261] Loss: 0.5797
2026-01-14 12:15:16,963 - VisionTera.Training - INFO - Warmup Epoch 1 [1000/1261] Loss: 0.5974
2026-01-14 12:15:44,747 - VisionTera.Training - INFO - Warmup Epoch 1 [1100/1261] Loss: 0.6789
2026-01-14 12:16:09,002 - VisionTera.Training - INFO - Warmup Epoch 1 [1200/1261] Loss: 0.5466
2026-01-14 12:16:24,328 - VisionTera.Training - INFO - Warmup Epoch 1/5 | Loss: 0.6252 | Train Acc: 0.6554
2026-01-14 12:16:25,456 - VisionTera.Training - INFO - Warmup Epoch 2 [0/1261] Loss: 0.6509
2026-01-14 12:16:49,240 - VisionTera.Training - INFO - Warmup Epoch 2 [100/1261] Loss: 0.5949
2026-01-14 12:17:11,899 - VisionTera.Training - INFO - Warmup Epoch 2 [200/1261] Loss: 0.6484
2026-01-14 12:17:34,645 - VisionTera.Training - INFO - Warmup Epoch 2 [300/1261] Loss: 0.6286
2026-01-14 12:18:00,504 - VisionTera.Training - INFO - Warmup Epoch 2 [400/1261] Loss: 0.6210
2026-01-14 12:18:28,286 - VisionTera.Training - INFO - Warmup Epoch 2 [500/1261] Loss: 0.5833
2026-01-14 12:18:55,587 - VisionTera.Training - INFO - Warmup Epoch 2 [600/1261] Loss: 0.6492
2026-01-14 12:19:21,990 - VisionTera.Training - INFO - Warmup Epoch 2 [700/1261] Loss: 0.6287
2026-01-14 12:19:47,654 - VisionTera.Training - INFO - Warmup Epoch 2 [800/1261] Loss: 0.5796
2026-01-14 12:20:13,036 - VisionTera.Training - INFO - Warmup Epoch 2 [900/1261] Loss: 0.6103
2026-01-14 12:20:37,620 - VisionTera.Training - INFO - Warmup Epoch 2 [1000/1261] Loss: 0.5620
2026-01-14 12:21:02,667 - VisionTera.Training - INFO - Warmup Epoch 2 [1100/1261] Loss: 0.5921
2026-01-14 12:21:29,431 - VisionTera.Training - INFO - Warmup Epoch 2 [1200/1261] Loss: 0.6004
2026-01-14 12:21:44,342 - VisionTera.Training - INFO - Warmup Epoch 2/5 | Loss: 0.6003 | Train Acc: 0.6859
2026-01-14 12:21:45,480 - VisionTera.Training - INFO - Warmup Epoch 3 [0/1261] Loss: 0.5798
2026-01-14 12:22:08,514 - VisionTera.Training - INFO - Warmup Epoch 3 [100/1261] Loss: 0.5833
2026-01-14 12:22:32,150 - VisionTera.Training - INFO - Warmup Epoch 3 [200/1261] Loss: 0.5740
2026-01-14 12:22:54,237 - VisionTera.Training - INFO - Warmup Epoch 3 [300/1261] Loss: 0.6690
2026-01-14 12:23:16,219 - VisionTera.Training - INFO - Warmup Epoch 3 [400/1261] Loss: 0.5746
2026-01-14 12:23:38,031 - VisionTera.Training - INFO - Warmup Epoch 3 [500/1261] Loss: 0.6244
2026-01-14 12:23:58,927 - VisionTera.Training - INFO - Warmup Epoch 3 [600/1261] Loss: 0.5463
2026-01-14 12:24:19,205 - VisionTera.Training - INFO - Warmup Epoch 3 [700/1261] Loss: 0.5752
2026-01-14 12:24:39,750 - VisionTera.Training - INFO - Warmup Epoch 3 [800/1261] Loss: 0.4977
2026-01-14 12:24:59,495 - VisionTera.Training - INFO - Warmup Epoch 3 [900/1261] Loss: 0.6079
2026-01-14 12:25:19,550 - VisionTera.Training - INFO - Warmup Epoch 3 [1000/1261] Loss: 0.5817
2026-01-14 12:25:38,910 - VisionTera.Training - INFO - Warmup Epoch 3 [1100/1261] Loss: 0.5420
2026-01-14 12:25:58,423 - VisionTera.Training - INFO - Warmup Epoch 3 [1200/1261] Loss: 0.7144
2026-01-14 12:26:09,702 - VisionTera.Training - INFO - Warmup Epoch 3/5 | Loss: 0.5924 | Train Acc: 0.6935
2026-01-14 12:26:10,634 - VisionTera.Training - INFO - Warmup Epoch 4 [0/1261] Loss: 0.5936
2026-01-14 12:26:29,350 - VisionTera.Training - INFO - Warmup Epoch 4 [100/1261] Loss: 0.5934
2026-01-14 12:26:48,292 - VisionTera.Training - INFO - Warmup Epoch 4 [200/1261] Loss: 0.4850
2026-01-14 12:27:06,700 - VisionTera.Training - INFO - Warmup Epoch 4 [300/1261] Loss: 0.5385
2026-01-14 12:27:25,121 - VisionTera.Training - INFO - Warmup Epoch 4 [400/1261] Loss: 0.6075
2026-01-14 12:27:43,049 - VisionTera.Training - INFO - Warmup Epoch 4 [500/1261] Loss: 0.4914
2026-01-14 12:28:01,089 - VisionTera.Training - INFO - Warmup Epoch 4 [600/1261] Loss: 0.5441
2026-01-14 12:28:19,115 - VisionTera.Training - INFO - Warmup Epoch 4 [700/1261] Loss: 0.5587
2026-01-14 12:28:36,805 - VisionTera.Training - INFO - Warmup Epoch 4 [800/1261] Loss: 0.5826
2026-01-14 12:28:54,882 - VisionTera.Training - INFO - Warmup Epoch 4 [900/1261] Loss: 0.5514
2026-01-14 12:29:12,430 - VisionTera.Training - INFO - Warmup Epoch 4 [1000/1261] Loss: 0.6314
2026-01-14 12:29:30,157 - VisionTera.Training - INFO - Warmup Epoch 4 [1100/1261] Loss: 0.5531
2026-01-14 12:29:49,567 - VisionTera.Training - INFO - Warmup Epoch 4 [1200/1261] Loss: 0.5718
2026-01-14 12:30:04,337 - VisionTera.Training - INFO - Warmup Epoch 4/5 | Loss: 0.5880 | Train Acc: 0.6998
2026-01-14 12:30:05,786 - VisionTera.Training - INFO - Warmup Epoch 5 [0/1261] Loss: 0.6155
2026-01-14 12:30:41,765 - VisionTera.Training - INFO - Warmup Epoch 5 [100/1261] Loss: 0.5689
2026-01-14 12:31:16,267 - VisionTera.Training - INFO - Warmup Epoch 5 [200/1261] Loss: 0.5154
2026-01-14 12:31:42,123 - VisionTera.Training - INFO - Warmup Epoch 5 [300/1261] Loss: 0.6751
2026-01-14 12:32:07,730 - VisionTera.Training - INFO - Warmup Epoch 5 [400/1261] Loss: 0.5940
2026-01-14 12:32:32,663 - VisionTera.Training - INFO - Warmup Epoch 5 [500/1261] Loss: 0.6040
2026-01-14 12:32:56,605 - VisionTera.Training - INFO - Warmup Epoch 5 [600/1261] Loss: 0.5751
2026-01-14 12:33:20,165 - VisionTera.Training - INFO - Warmup Epoch 5 [700/1261] Loss: 0.5598
2026-01-14 12:33:49,721 - VisionTera.Training - INFO - Warmup Epoch 5 [800/1261] Loss: 0.5940
2026-01-14 12:34:20,512 - VisionTera.Training - INFO - Warmup Epoch 5 [900/1261] Loss: 0.6284
2026-01-14 12:34:52,227 - VisionTera.Training - INFO - Warmup Epoch 5 [1000/1261] Loss: 0.5362
2026-01-14 12:35:21,430 - VisionTera.Training - INFO - Warmup Epoch 5 [1100/1261] Loss: 0.5862
2026-01-14 12:35:48,014 - VisionTera.Training - INFO - Warmup Epoch 5 [1200/1261] Loss: 0.5382
2026-01-14 12:36:00,307 - VisionTera.Training - INFO - Warmup Epoch 5/5 | Loss: 0.5850 | Train Acc: 0.7030
2026-01-14 12:36:00,308 - VisionTera.Training - INFO - Phase 2: Unfreezing Backbone (Full Training)...
2026-01-14 12:36:03,916 - VisionTera.Training - INFO - Epoch 1 [0/1261] Loss: 0.6218
2026-01-14 12:36:24,605 - VisionTera.Training - INFO - Epoch 1 [100/1261] Loss: 0.5896
2026-01-14 12:36:45,661 - VisionTera.Training - INFO - Epoch 1 [200/1261] Loss: 0.5407
2026-01-14 12:37:11,404 - VisionTera.Training - INFO - Epoch 1 [300/1261] Loss: 0.5759
2026-01-14 12:37:39,490 - VisionTera.Training - INFO - Epoch 1 [400/1261] Loss: 0.5611
2026-01-14 12:38:06,899 - VisionTera.Training - INFO - Epoch 1 [500/1261] Loss: 0.4896
2026-01-14 12:38:38,217 - VisionTera.Training - INFO - Epoch 1 [600/1261] Loss: 0.4768
2026-01-14 12:39:12,813 - VisionTera.Training - INFO - Epoch 1 [700/1261] Loss: 0.5684
2026-01-14 12:39:46,436 - VisionTera.Training - INFO - Epoch 1 [800/1261] Loss: 0.5281
2026-01-14 12:40:18,891 - VisionTera.Training - INFO - Epoch 1 [900/1261] Loss: 0.4134
2026-01-14 12:40:51,724 - VisionTera.Training - INFO - Epoch 1 [1000/1261] Loss: 0.4998
2026-01-14 12:41:24,257 - VisionTera.Training - INFO - Epoch 1 [1100/1261] Loss: 0.4439
2026-01-14 12:41:55,212 - VisionTera.Training - INFO - Epoch 1 [1200/1261] Loss: 0.4521
2026-01-14 12:43:38,823 - VisionTera.Training - INFO - Epoch 1/30 | Loss: 0.4847 | Train Acc: 0.8070 | Val Acc: 0.8372
2026-01-14 12:43:38,824 - VisionTera.Training - INFO -   Male Acc: 0.8464 | Female Acc: 0.8279
2026-01-14 12:43:39,160 - VisionTera.Training - INFO - Saved best model to infrastructure\models\v_20260114_120915\best_model.pt (Acc: 0.8372)
2026-01-14 12:43:41,261 - VisionTera.Training - INFO - Epoch 2 [0/1261] Loss: 0.4310
2026-01-14 12:44:17,929 - VisionTera.Training - INFO - Epoch 2 [100/1261] Loss: 0.4154
2026-01-14 12:44:53,632 - VisionTera.Training - INFO - Epoch 2 [200/1261] Loss: 0.4445
2026-01-14 12:45:28,912 - VisionTera.Training - INFO - Epoch 2 [300/1261] Loss: 0.4005
2026-01-14 12:45:58,962 - VisionTera.Training - INFO - Epoch 2 [400/1261] Loss: 0.3916
2026-01-14 12:46:32,241 - VisionTera.Training - INFO - Epoch 2 [500/1261] Loss: 0.4545
2026-01-14 12:47:04,613 - VisionTera.Training - INFO - Epoch 2 [600/1261] Loss: 0.4426
2026-01-14 12:47:37,499 - VisionTera.Training - INFO - Epoch 2 [700/1261] Loss: 0.3817
2026-01-14 12:48:09,230 - VisionTera.Training - INFO - Epoch 2 [800/1261] Loss: 0.3136
2026-01-14 12:48:40,513 - VisionTera.Training - INFO - Epoch 2 [900/1261] Loss: 0.3786
2026-01-14 12:49:11,632 - VisionTera.Training - INFO - Epoch 2 [1000/1261] Loss: 0.4563
2026-01-14 12:49:41,428 - VisionTera.Training - INFO - Epoch 2 [1100/1261] Loss: 0.4294
2026-01-14 12:50:11,568 - VisionTera.Training - INFO - Epoch 2 [1200/1261] Loss: 0.3324
2026-01-14 12:50:43,145 - VisionTera.Training - INFO - Epoch 2/30 | Loss: 0.3865 | Train Acc: 0.8860 | Val Acc: 0.8706
2026-01-14 12:50:43,145 - VisionTera.Training - INFO -   Male Acc: 0.8675 | Female Acc: 0.8738
2026-01-14 12:50:43,386 - VisionTera.Training - INFO - Saved best model to infrastructure\models\v_20260114_120915\best_model.pt (Acc: 0.8706)
2026-01-14 12:50:44,822 - VisionTera.Training - INFO - Epoch 3 [0/1261] Loss: 0.3478
2026-01-14 12:51:13,537 - VisionTera.Training - INFO - Epoch 3 [100/1261] Loss: 0.3073
2026-01-14 12:51:41,888 - VisionTera.Training - INFO - Epoch 3 [200/1261] Loss: 0.3804
2026-01-14 12:52:10,829 - VisionTera.Training - INFO - Epoch 3 [300/1261] Loss: 0.3664
2026-01-14 12:52:38,338 - VisionTera.Training - INFO - Epoch 3 [400/1261] Loss: 0.3606
2026-01-14 12:53:05,406 - VisionTera.Training - INFO - Epoch 3 [500/1261] Loss: 0.3516
2026-01-14 12:53:29,780 - VisionTera.Training - INFO - Epoch 3 [600/1261] Loss: 0.3640
2026-01-14 12:53:53,148 - VisionTera.Training - INFO - Epoch 3 [700/1261] Loss: 0.3227
2026-01-14 12:54:15,880 - VisionTera.Training - INFO - Epoch 3 [800/1261] Loss: 0.4171
2026-01-14 12:54:38,268 - VisionTera.Training - INFO - Epoch 3 [900/1261] Loss: 0.3393
2026-01-14 12:55:00,419 - VisionTera.Training - INFO - Epoch 3 [1000/1261] Loss: 0.2858
2026-01-14 12:55:22,456 - VisionTera.Training - INFO - Epoch 3 [1100/1261] Loss: 0.3319
2026-01-14 12:55:44,430 - VisionTera.Training - INFO - Epoch 3 [1200/1261] Loss: 0.3434
2026-01-14 12:56:12,110 - VisionTera.Training - INFO - Epoch 3/30 | Loss: 0.3586 | Train Acc: 0.9048 | Val Acc: 0.8801
2026-01-14 12:56:12,110 - VisionTera.Training - INFO -   Male Acc: 0.8740 | Female Acc: 0.8863
2026-01-14 12:56:12,369 - VisionTera.Training - INFO - Saved best model to infrastructure\models\v_20260114_120915\best_model.pt (Acc: 0.8801)
2026-01-14 12:56:13,575 - VisionTera.Training - INFO - Epoch 4 [0/1261] Loss: 0.3475
2026-01-14 12:56:39,354 - VisionTera.Training - INFO - Epoch 4 [100/1261] Loss: 0.5213
2026-01-14 12:57:04,719 - VisionTera.Training - INFO - Epoch 4 [200/1261] Loss: 0.3255
2026-01-14 12:57:29,856 - VisionTera.Training - INFO - Epoch 4 [300/1261] Loss: 0.3524
2026-01-14 12:57:54,863 - VisionTera.Training - INFO - Epoch 4 [400/1261] Loss: 0.3446
2026-01-14 12:58:20,582 - VisionTera.Training - INFO - Epoch 4 [500/1261] Loss: 0.2693
2026-01-14 12:58:48,580 - VisionTera.Training - INFO - Epoch 4 [600/1261] Loss: 0.3007
2026-01-14 12:59:16,986 - VisionTera.Training - INFO - Epoch 4 [700/1261] Loss: 0.3911
2026-01-14 12:59:45,691 - VisionTera.Training - INFO - Epoch 4 [800/1261] Loss: 0.3126
2026-01-14 13:00:08,856 - VisionTera.Training - INFO - Epoch 4 [900/1261] Loss: 0.3344
2026-01-14 13:00:36,780 - VisionTera.Training - INFO - Epoch 4 [1000/1261] Loss: 0.3027
2026-01-14 13:01:04,126 - VisionTera.Training - INFO - Epoch 4 [1100/1261] Loss: 0.3357
2026-01-14 13:01:31,448 - VisionTera.Training - INFO - Epoch 4 [1200/1261] Loss: 0.3890
2026-01-14 13:02:00,482 - VisionTera.Training - INFO - Epoch 4/30 | Loss: 0.3567 | Train Acc: 0.9058 | Val Acc: 0.8534
2026-01-14 13:02:00,484 - VisionTera.Training - INFO -   Male Acc: 0.8038 | Female Acc: 0.9035
2026-01-14 13:02:01,787 - VisionTera.Training - INFO - Epoch 5 [0/1261] Loss: 0.3771
2026-01-14 13:02:28,778 - VisionTera.Training - INFO - Epoch 5 [100/1261] Loss: 0.3440
2026-01-14 13:02:55,521 - VisionTera.Training - INFO - Epoch 5 [200/1261] Loss: 0.3796
2026-01-14 13:03:21,898 - VisionTera.Training - INFO - Epoch 5 [300/1261] Loss: 0.4020
2026-01-14 13:03:47,859 - VisionTera.Training - INFO - Epoch 5 [400/1261] Loss: 0.3406
2026-01-14 13:04:13,699 - VisionTera.Training - INFO - Epoch 5 [500/1261] Loss: 0.3688
2026-01-14 13:04:39,542 - VisionTera.Training - INFO - Epoch 5 [600/1261] Loss: 0.3647
2026-01-14 13:05:04,890 - VisionTera.Training - INFO - Epoch 5 [700/1261] Loss: 0.3057
2026-01-14 13:05:26,971 - VisionTera.Training - INFO - Epoch 5 [800/1261] Loss: 0.3602
2026-01-14 13:05:48,826 - VisionTera.Training - INFO - Epoch 5 [900/1261] Loss: 0.2868
2026-01-14 13:06:10,571 - VisionTera.Training - INFO - Epoch 5 [1000/1261] Loss: 0.3963
2026-01-14 13:06:32,308 - VisionTera.Training - INFO - Epoch 5 [1100/1261] Loss: 0.4002
2026-01-14 13:06:54,059 - VisionTera.Training - INFO - Epoch 5 [1200/1261] Loss: 0.3684
2026-01-14 13:07:19,340 - VisionTera.Training - INFO - Epoch 5/30 | Loss: 0.3673 | Train Acc: 0.8998 | Val Acc: 0.8691
2026-01-14 13:07:19,340 - VisionTera.Training - INFO -   Male Acc: 0.9036 | Female Acc: 0.8343
2026-01-14 13:07:20,257 - VisionTera.Training - INFO - Epoch 6 [0/1261] Loss: 0.3833
2026-01-14 13:07:41,893 - VisionTera.Training - INFO - Epoch 6 [100/1261] Loss: 0.3055
2026-01-14 13:08:03,523 - VisionTera.Training - INFO - Epoch 6 [200/1261] Loss: 0.4178
2026-01-14 13:08:25,202 - VisionTera.Training - INFO - Epoch 6 [300/1261] Loss: 0.3387
2026-01-14 13:08:46,909 - VisionTera.Training - INFO - Epoch 6 [400/1261] Loss: 0.3474
2026-01-14 13:09:08,569 - VisionTera.Training - INFO - Epoch 6 [500/1261] Loss: 0.4347
2026-01-14 13:09:30,261 - VisionTera.Training - INFO - Epoch 6 [600/1261] Loss: 0.4252
2026-01-14 13:09:51,953 - VisionTera.Training - INFO - Epoch 6 [700/1261] Loss: 0.3007
2026-01-14 13:10:13,639 - VisionTera.Training - INFO - Epoch 6 [800/1261] Loss: 0.3683
2026-01-14 13:10:35,247 - VisionTera.Training - INFO - Epoch 6 [900/1261] Loss: 0.3475
2026-01-14 13:10:56,938 - VisionTera.Training - INFO - Epoch 6 [1000/1261] Loss: 0.3205
2026-01-14 13:11:18,603 - VisionTera.Training - INFO - Epoch 6 [1100/1261] Loss: 0.3445
2026-01-14 13:11:40,277 - VisionTera.Training - INFO - Epoch 6 [1200/1261] Loss: 0.3682
2026-01-14 13:12:05,671 - VisionTera.Training - INFO - Epoch 6/30 | Loss: 0.3726 | Train Acc: 0.8942 | Val Acc: 0.8466
2026-01-14 13:12:05,676 - VisionTera.Training - INFO -   Male Acc: 0.7967 | Female Acc: 0.8971
2026-01-14 13:12:06,562 - VisionTera.Training - INFO - Epoch 7 [0/1261] Loss: 0.3820
2026-01-14 13:12:28,217 - VisionTera.Training - INFO - Epoch 7 [100/1261] Loss: 0.4130
2026-01-14 13:12:49,860 - VisionTera.Training - INFO - Epoch 7 [200/1261] Loss: 0.3663
2026-01-14 13:13:11,465 - VisionTera.Training - INFO - Epoch 7 [300/1261] Loss: 0.3555
2026-01-14 13:13:33,085 - VisionTera.Training - INFO - Epoch 7 [400/1261] Loss: 0.3983
2026-01-14 13:13:54,700 - VisionTera.Training - INFO - Epoch 7 [500/1261] Loss: 0.4094
2026-01-14 13:14:16,357 - VisionTera.Training - INFO - Epoch 7 [600/1261] Loss: 0.3109
2026-01-14 13:14:37,948 - VisionTera.Training - INFO - Epoch 7 [700/1261] Loss: 0.3776
2026-01-14 13:14:59,634 - VisionTera.Training - INFO - Epoch 7 [800/1261] Loss: 0.3400
2026-01-14 13:15:21,290 - VisionTera.Training - INFO - Epoch 7 [900/1261] Loss: 0.3218
2026-01-14 13:15:42,883 - VisionTera.Training - INFO - Epoch 7 [1000/1261] Loss: 0.4088
2026-01-14 13:16:04,545 - VisionTera.Training - INFO - Epoch 7 [1100/1261] Loss: 0.4354
2026-01-14 13:16:26,701 - VisionTera.Training - INFO - Epoch 7 [1200/1261] Loss: 0.3941
2026-01-14 13:17:24,795 - VisionTera.Training - INFO - Epoch 7/30 | Loss: 0.3766 | Train Acc: 0.8925 | Val Acc: 0.8393
2026-01-14 13:17:24,797 - VisionTera.Training - INFO -   Male Acc: 0.7537 | Female Acc: 0.9258
2026-01-14 13:17:26,329 - VisionTera.Training - INFO - Epoch 8 [0/1261] Loss: 0.4289
2026-01-14 13:17:54,312 - VisionTera.Training - INFO - Epoch 8 [100/1261] Loss: 0.3051
2026-01-14 13:18:21,204 - VisionTera.Training - INFO - Epoch 8 [200/1261] Loss: 0.3919
2026-01-14 13:18:47,877 - VisionTera.Training - INFO - Epoch 8 [300/1261] Loss: 0.3852
2026-01-14 13:19:13,630 - VisionTera.Training - INFO - Epoch 8 [400/1261] Loss: 0.4341
2026-01-14 13:19:38,937 - VisionTera.Training - INFO - Epoch 8 [500/1261] Loss: 0.3916
2026-01-14 13:20:02,875 - VisionTera.Training - INFO - Epoch 8 [600/1261] Loss: 0.4341
2026-01-14 13:20:26,210 - VisionTera.Training - INFO - Epoch 8 [700/1261] Loss: 0.3300
2026-01-14 13:20:49,637 - VisionTera.Training - INFO - Epoch 8 [800/1261] Loss: 0.4025
2026-01-14 13:21:13,014 - VisionTera.Training - INFO - Epoch 8 [900/1261] Loss: 0.3558
2026-01-14 13:21:36,297 - VisionTera.Training - INFO - Epoch 8 [1000/1261] Loss: 0.3579
2026-01-14 13:22:01,545 - VisionTera.Training - INFO - Epoch 8 [1100/1261] Loss: 0.4044
2026-01-14 13:22:25,191 - VisionTera.Training - INFO - Epoch 8 [1200/1261] Loss: 0.3323
2026-01-14 13:22:50,503 - VisionTera.Training - INFO - Epoch 8/30 | Loss: 0.3752 | Train Acc: 0.8942 | Val Acc: 0.8549
2026-01-14 13:22:50,503 - VisionTera.Training - INFO -   Male Acc: 0.8521 | Female Acc: 0.8578
2026-01-14 13:22:51,542 - VisionTera.Training - INFO - Epoch 9 [0/1261] Loss: 0.3781
2026-01-14 13:23:13,205 - VisionTera.Training - INFO - Epoch 9 [100/1261] Loss: 0.3171
2026-01-14 13:23:34,993 - VisionTera.Training - INFO - Epoch 9 [200/1261] Loss: 0.3785
2026-01-14 13:23:56,666 - VisionTera.Training - INFO - Epoch 9 [300/1261] Loss: 0.3061
2026-01-14 13:24:18,424 - VisionTera.Training - INFO - Epoch 9 [400/1261] Loss: 0.4371
2026-01-14 13:24:40,170 - VisionTera.Training - INFO - Epoch 9 [500/1261] Loss: 0.3790
2026-01-14 13:25:01,900 - VisionTera.Training - INFO - Epoch 9 [600/1261] Loss: 0.2980
2026-01-14 13:25:24,334 - VisionTera.Training - INFO - Epoch 9 [700/1261] Loss: 0.3853
2026-01-14 13:25:46,795 - VisionTera.Training - INFO - Epoch 9 [800/1261] Loss: 0.4539
2026-01-14 13:26:09,390 - VisionTera.Training - INFO - Epoch 9 [900/1261] Loss: 0.3595
2026-01-14 13:26:32,353 - VisionTera.Training - INFO - Epoch 9 [1000/1261] Loss: 0.3362
2026-01-14 13:26:55,240 - VisionTera.Training - INFO - Epoch 9 [1100/1261] Loss: 0.3921
2026-01-14 13:27:18,114 - VisionTera.Training - INFO - Epoch 9 [1200/1261] Loss: 0.3860
2026-01-14 13:27:44,455 - VisionTera.Training - INFO - Epoch 9/30 | Loss: 0.3692 | Train Acc: 0.8975 | Val Acc: 0.8260
2026-01-14 13:27:44,455 - VisionTera.Training - INFO -   Male Acc: 0.9308 | Female Acc: 0.7200
2026-01-14 13:27:45,328 - VisionTera.Training - INFO - Epoch 10 [0/1261] Loss: 0.3196
2026-01-14 13:28:08,177 - VisionTera.Training - INFO - Epoch 10 [100/1261] Loss: 0.4635
2026-01-14 13:28:31,082 - VisionTera.Training - INFO - Epoch 10 [200/1261] Loss: 0.3208
2026-01-14 13:28:54,112 - VisionTera.Training - INFO - Epoch 10 [300/1261] Loss: 0.3128
2026-01-14 13:29:17,117 - VisionTera.Training - INFO - Epoch 10 [400/1261] Loss: 0.5137
2026-01-14 13:29:41,297 - VisionTera.Training - INFO - Epoch 10 [500/1261] Loss: 0.3981
2026-01-14 13:30:06,625 - VisionTera.Training - INFO - Epoch 10 [600/1261] Loss: 0.4156
2026-01-14 13:30:34,545 - VisionTera.Training - INFO - Epoch 10 [700/1261] Loss: 0.3092
2026-01-14 13:31:02,937 - VisionTera.Training - INFO - Epoch 10 [800/1261] Loss: 0.3454
2026-01-14 13:31:31,799 - VisionTera.Training - INFO - Epoch 10 [900/1261] Loss: 0.3343
2026-01-14 13:32:01,084 - VisionTera.Training - INFO - Epoch 10 [1000/1261] Loss: 0.4781
2026-01-14 13:32:30,699 - VisionTera.Training - INFO - Epoch 10 [1100/1261] Loss: 0.2642
2026-01-14 13:33:00,874 - VisionTera.Training - INFO - Epoch 10 [1200/1261] Loss: 0.3559
2026-01-14 13:33:36,128 - VisionTera.Training - INFO - Epoch 10/30 | Loss: 0.3620 | Train Acc: 0.9023 | Val Acc: 0.8593
2026-01-14 13:33:36,145 - VisionTera.Training - INFO -   Male Acc: 0.7904 | Female Acc: 0.9290
2026-01-14 13:33:37,045 - VisionTera.Training - INFO - Epoch 11 [0/1261] Loss: 0.3032
2026-01-14 13:34:07,590 - VisionTera.Training - INFO - Epoch 11 [100/1261] Loss: 0.3355
2026-01-14 13:34:38,277 - VisionTera.Training - INFO - Epoch 11 [200/1261] Loss: 0.3549
2026-01-14 13:35:08,990 - VisionTera.Training - INFO - Epoch 11 [300/1261] Loss: 0.3504
2026-01-14 13:35:39,923 - VisionTera.Training - INFO - Epoch 11 [400/1261] Loss: 0.4199
2026-01-14 13:36:10,878 - VisionTera.Training - INFO - Epoch 11 [500/1261] Loss: 0.2835
2026-01-14 13:36:42,328 - VisionTera.Training - INFO - Epoch 11 [600/1261] Loss: 0.3932
2026-01-14 13:37:13,774 - VisionTera.Training - INFO - Epoch 11 [700/1261] Loss: 0.3390
2026-01-14 13:37:46,807 - VisionTera.Training - INFO - Epoch 11 [800/1261] Loss: 0.3144
2026-01-14 13:38:20,862 - VisionTera.Training - INFO - Epoch 11 [900/1261] Loss: 0.3651
2026-01-14 13:38:55,267 - VisionTera.Training - INFO - Epoch 11 [1000/1261] Loss: 0.3889
2026-01-14 13:39:29,180 - VisionTera.Training - INFO - Epoch 11 [1100/1261] Loss: 0.3330
2026-01-14 13:40:02,855 - VisionTera.Training - INFO - Epoch 11 [1200/1261] Loss: 0.4028
2026-01-14 13:40:54,111 - VisionTera.Training - INFO - Epoch 11/30 | Loss: 0.3529 | Train Acc: 0.9088 | Val Acc: 0.8673
2026-01-14 13:40:54,111 - VisionTera.Training - INFO -   Male Acc: 0.9209 | Female Acc: 0.8131
2026-01-14 13:40:55,147 - VisionTera.Training - INFO - Epoch 12 [0/1261] Loss: 0.3769
2026-01-14 13:41:29,106 - VisionTera.Training - INFO - Epoch 12 [100/1261] Loss: 0.3197
2026-01-14 13:42:03,184 - VisionTera.Training - INFO - Epoch 12 [200/1261] Loss: 0.3199
2026-01-14 13:42:38,057 - VisionTera.Training - INFO - Epoch 12 [300/1261] Loss: 0.2695
2026-01-14 13:43:12,499 - VisionTera.Training - INFO - Epoch 12 [400/1261] Loss: 0.2919
2026-01-14 13:43:46,505 - VisionTera.Training - INFO - Epoch 12 [500/1261] Loss: 0.3686
2026-01-14 13:44:20,142 - VisionTera.Training - INFO - Epoch 12 [600/1261] Loss: 0.3700
2026-01-14 13:44:54,460 - VisionTera.Training - INFO - Epoch 12 [700/1261] Loss: 0.2719
2026-01-14 13:45:28,940 - VisionTera.Training - INFO - Epoch 12 [800/1261] Loss: 0.3691
2026-01-14 13:46:02,801 - VisionTera.Training - INFO - Epoch 12 [900/1261] Loss: 0.3850
2026-01-14 13:46:36,442 - VisionTera.Training - INFO - Epoch 12 [1000/1261] Loss: 0.3563
2026-01-14 13:47:10,788 - VisionTera.Training - INFO - Epoch 12 [1100/1261] Loss: 0.3016
2026-01-14 13:47:44,364 - VisionTera.Training - INFO - Epoch 12 [1200/1261] Loss: 0.3268
2026-01-14 13:48:24,279 - VisionTera.Training - INFO - Epoch 12/30 | Loss: 0.3423 | Train Acc: 0.9158 | Val Acc: 0.8711
2026-01-14 13:48:24,279 - VisionTera.Training - INFO -   Male Acc: 0.8484 | Female Acc: 0.8941
2026-01-14 13:48:25,307 - VisionTera.Training - INFO - Epoch 13 [0/1261] Loss: 0.3100
2026-01-14 13:48:59,452 - VisionTera.Training - INFO - Epoch 13 [100/1261] Loss: 0.3355
2026-01-14 13:49:33,570 - VisionTera.Training - INFO - Epoch 13 [200/1261] Loss: 0.3337
2026-01-14 13:50:08,102 - VisionTera.Training - INFO - Epoch 13 [300/1261] Loss: 0.2931
2026-01-14 13:50:42,280 - VisionTera.Training - INFO - Epoch 13 [400/1261] Loss: 0.3623
2026-01-14 13:51:16,383 - VisionTera.Training - INFO - Epoch 13 [500/1261] Loss: 0.3863
2026-01-14 13:51:50,620 - VisionTera.Training - INFO - Epoch 13 [600/1261] Loss: 0.3181
2026-01-14 13:52:24,116 - VisionTera.Training - INFO - Epoch 13 [700/1261] Loss: 0.3122
2026-01-14 13:52:58,345 - VisionTera.Training - INFO - Epoch 13 [800/1261] Loss: 0.2852
2026-01-14 13:53:35,049 - VisionTera.Training - INFO - Epoch 13 [900/1261] Loss: 0.2947
2026-01-14 13:54:16,641 - VisionTera.Training - INFO - Epoch 13 [1000/1261] Loss: 0.3154
2026-01-14 13:54:57,413 - VisionTera.Training - INFO - Epoch 13 [1100/1261] Loss: 0.3572
2026-01-14 13:55:37,326 - VisionTera.Training - INFO - Epoch 13 [1200/1261] Loss: 0.2685
2026-01-14 13:56:35,376 - VisionTera.Training - INFO - Epoch 13/30 | Loss: 0.3335 | Train Acc: 0.9207 | Val Acc: 0.8701
2026-01-14 13:56:35,377 - VisionTera.Training - INFO -   Male Acc: 0.9241 | Female Acc: 0.8155
2026-01-14 13:56:36,560 - VisionTera.Training - INFO - Epoch 14 [0/1261] Loss: 0.2767
2026-01-14 13:57:14,961 - VisionTera.Training - INFO - Epoch 14 [100/1261] Loss: 0.3806
2026-01-14 13:57:55,559 - VisionTera.Training - INFO - Epoch 14 [200/1261] Loss: 0.2984
2026-01-14 13:58:36,736 - VisionTera.Training - INFO - Epoch 14 [300/1261] Loss: 0.3333
2026-01-14 13:59:18,988 - VisionTera.Training - INFO - Epoch 14 [400/1261] Loss: 0.3191
2026-01-14 14:00:01,860 - VisionTera.Training - INFO - Epoch 14 [500/1261] Loss: 0.3381
2026-01-14 14:00:42,622 - VisionTera.Training - INFO - Epoch 14 [600/1261] Loss: 0.2618
2026-01-14 14:01:20,063 - VisionTera.Training - INFO - Epoch 14 [700/1261] Loss: 0.4536
2026-01-14 14:01:55,872 - VisionTera.Training - INFO - Epoch 14 [800/1261] Loss: 0.2644
2026-01-14 14:02:31,475 - VisionTera.Training - INFO - Epoch 14 [900/1261] Loss: 0.3072
2026-01-14 14:03:06,865 - VisionTera.Training - INFO - Epoch 14 [1000/1261] Loss: 0.3425
2026-01-14 14:03:42,533 - VisionTera.Training - INFO - Epoch 14 [1100/1261] Loss: 0.2848
2026-01-14 14:04:18,277 - VisionTera.Training - INFO - Epoch 14 [1200/1261] Loss: 0.2794
2026-01-14 14:04:58,699 - VisionTera.Training - INFO - Epoch 14/30 | Loss: 0.3242 | Train Acc: 0.9273 | Val Acc: 0.8795
2026-01-14 14:04:58,700 - VisionTera.Training - INFO -   Male Acc: 0.9320 | Female Acc: 0.8265
2026-01-14 14:04:59,786 - VisionTera.Training - INFO - Epoch 15 [0/1261] Loss: 0.2939
2026-01-14 14:05:34,645 - VisionTera.Training - INFO - Epoch 15 [100/1261] Loss: 0.2780
2026-01-14 14:06:11,873 - VisionTera.Training - INFO - Epoch 15 [200/1261] Loss: 0.3374
2026-01-14 14:06:48,152 - VisionTera.Training - INFO - Epoch 15 [300/1261] Loss: 0.2774
2026-01-14 14:07:23,709 - VisionTera.Training - INFO - Epoch 15 [400/1261] Loss: 0.3737
2026-01-14 14:07:58,802 - VisionTera.Training - INFO - Epoch 15 [500/1261] Loss: 0.3113
2026-01-14 14:08:33,314 - VisionTera.Training - INFO - Epoch 15 [600/1261] Loss: 0.3334
2026-01-14 14:09:08,349 - VisionTera.Training - INFO - Epoch 15 [700/1261] Loss: 0.3288
2026-01-14 14:09:43,103 - VisionTera.Training - INFO - Epoch 15 [800/1261] Loss: 0.3316
2026-01-14 14:10:17,665 - VisionTera.Training - INFO - Epoch 15 [900/1261] Loss: 0.3643
2026-01-14 14:10:51,757 - VisionTera.Training - INFO - Epoch 15 [1000/1261] Loss: 0.3799
2026-01-14 14:11:25,897 - VisionTera.Training - INFO - Epoch 15 [1100/1261] Loss: 0.2508
2026-01-14 14:12:00,037 - VisionTera.Training - INFO - Epoch 15 [1200/1261] Loss: 0.3343
2026-01-14 14:12:39,687 - VisionTera.Training - INFO - Epoch 15/30 | Loss: 0.3153 | Train Acc: 0.9331 | Val Acc: 0.8869
2026-01-14 14:12:39,688 - VisionTera.Training - INFO -   Male Acc: 0.9150 | Female Acc: 0.8584
2026-01-14 14:12:39,895 - VisionTera.Training - INFO - Saved best model to infrastructure\models\v_20260114_120915\best_model.pt (Acc: 0.8869)
2026-01-14 14:12:40,880 - VisionTera.Training - INFO - Epoch 16 [0/1261] Loss: 0.3347
2026-01-14 14:13:15,210 - VisionTera.Training - INFO - Epoch 16 [100/1261] Loss: 0.2876
2026-01-14 14:13:49,766 - VisionTera.Training - INFO - Epoch 16 [200/1261] Loss: 0.2752
2026-01-14 14:14:23,886 - VisionTera.Training - INFO - Epoch 16 [300/1261] Loss: 0.3316
2026-01-14 14:14:58,595 - VisionTera.Training - INFO - Epoch 16 [400/1261] Loss: 0.3019
2026-01-14 14:15:32,815 - VisionTera.Training - INFO - Epoch 16 [500/1261] Loss: 0.3074
2026-01-14 14:16:07,231 - VisionTera.Training - INFO - Epoch 16 [600/1261] Loss: 0.3142
2026-01-14 14:16:41,897 - VisionTera.Training - INFO - Epoch 16 [700/1261] Loss: 0.2697
2026-01-14 14:17:14,906 - VisionTera.Training - INFO - Epoch 16 [800/1261] Loss: 0.2507
2026-01-14 14:17:49,903 - VisionTera.Training - INFO - Epoch 16 [900/1261] Loss: 0.3328
2026-01-14 14:18:24,501 - VisionTera.Training - INFO - Epoch 16 [1000/1261] Loss: 0.3357
2026-01-14 14:18:58,639 - VisionTera.Training - INFO - Epoch 16 [1100/1261] Loss: 0.3344
2026-01-14 14:19:33,047 - VisionTera.Training - INFO - Epoch 16 [1200/1261] Loss: 0.2856
2026-01-14 14:20:11,765 - VisionTera.Training - INFO - Epoch 16/30 | Loss: 0.3071 | Train Acc: 0.9380 | Val Acc: 0.8936
2026-01-14 14:20:11,767 - VisionTera.Training - INFO -   Male Acc: 0.9089 | Female Acc: 0.8781
2026-01-14 14:20:11,924 - VisionTera.Training - INFO - Saved best model to infrastructure\models\v_20260114_120915\best_model.pt (Acc: 0.8936)
2026-01-14 14:20:12,799 - VisionTera.Training - INFO - Epoch 17 [0/1261] Loss: 0.3275
2026-01-14 14:20:48,015 - VisionTera.Training - INFO - Epoch 17 [100/1261] Loss: 0.2605
2026-01-14 14:21:22,430 - VisionTera.Training - INFO - Epoch 17 [200/1261] Loss: 0.3145
2026-01-14 14:21:59,773 - VisionTera.Training - INFO - Epoch 17 [300/1261] Loss: 0.3314
2026-01-14 14:22:36,990 - VisionTera.Training - INFO - Epoch 17 [400/1261] Loss: 0.2641
2026-01-14 14:23:13,154 - VisionTera.Training - INFO - Epoch 17 [500/1261] Loss: 0.2575
2026-01-14 14:23:51,125 - VisionTera.Training - INFO - Epoch 17 [600/1261] Loss: 0.2930
2026-01-14 14:24:29,821 - VisionTera.Training - INFO - Epoch 17 [700/1261] Loss: 0.3176
2026-01-14 14:25:06,678 - VisionTera.Training - INFO - Epoch 17 [800/1261] Loss: 0.3014
2026-01-14 14:25:43,575 - VisionTera.Training - INFO - Epoch 17 [900/1261] Loss: 0.2603
2026-01-14 14:26:20,062 - VisionTera.Training - INFO - Epoch 17 [1000/1261] Loss: 0.2812
2026-01-14 14:26:56,109 - VisionTera.Training - INFO - Epoch 17 [1100/1261] Loss: 0.3088
2026-01-14 14:27:32,719 - VisionTera.Training - INFO - Epoch 17 [1200/1261] Loss: 0.2773
2026-01-14 14:28:26,189 - VisionTera.Training - INFO - Epoch 17/30 | Loss: 0.3006 | Train Acc: 0.9424 | Val Acc: 0.8786
2026-01-14 14:28:26,189 - VisionTera.Training - INFO -   Male Acc: 0.8088 | Female Acc: 0.9493
2026-01-14 14:28:27,217 - VisionTera.Training - INFO - Epoch 18 [0/1261] Loss: 0.3354
2026-01-14 14:29:05,952 - VisionTera.Training - INFO - Epoch 18 [100/1261] Loss: 0.3352
2026-01-14 14:29:37,252 - VisionTera.Training - INFO - Epoch 18 [200/1261] Loss: 0.3305
2026-01-14 14:30:04,129 - VisionTera.Training - INFO - Epoch 18 [300/1261] Loss: 0.3153
2026-01-14 14:30:29,207 - VisionTera.Training - INFO - Epoch 18 [400/1261] Loss: 0.2733
2026-01-14 14:30:53,749 - VisionTera.Training - INFO - Epoch 18 [500/1261] Loss: 0.3071
2026-01-14 14:31:18,293 - VisionTera.Training - INFO - Epoch 18 [600/1261] Loss: 0.2287
2026-01-14 14:31:42,794 - VisionTera.Training - INFO - Epoch 18 [700/1261] Loss: 0.2992
2026-01-14 14:32:07,311 - VisionTera.Training - INFO - Epoch 18 [800/1261] Loss: 0.2330
2026-01-14 14:32:31,825 - VisionTera.Training - INFO - Epoch 18 [900/1261] Loss: 0.3301
2026-01-14 14:32:56,396 - VisionTera.Training - INFO - Epoch 18 [1000/1261] Loss: 0.3113
2026-01-14 14:33:20,923 - VisionTera.Training - INFO - Epoch 18 [1100/1261] Loss: 0.3660
2026-01-14 14:33:45,653 - VisionTera.Training - INFO - Epoch 18 [1200/1261] Loss: 0.2715
2026-01-14 14:34:14,579 - VisionTera.Training - INFO - Epoch 18/30 | Loss: 0.2940 | Train Acc: 0.9454 | Val Acc: 0.8957
2026-01-14 14:34:14,579 - VisionTera.Training - INFO -   Male Acc: 0.8551 | Female Acc: 0.9368
2026-01-14 14:34:14,761 - VisionTera.Training - INFO - Saved best model to infrastructure\models\v_20260114_120915\best_model.pt (Acc: 0.8957)
2026-01-14 14:34:15,960 - VisionTera.Training - INFO - Epoch 19 [0/1261] Loss: 0.3097
2026-01-14 14:34:41,268 - VisionTera.Training - INFO - Epoch 19 [100/1261] Loss: 0.2348
2026-01-14 14:35:06,047 - VisionTera.Training - INFO - Epoch 19 [200/1261] Loss: 0.3535
2026-01-14 14:35:30,908 - VisionTera.Training - INFO - Epoch 19 [300/1261] Loss: 0.3004
2026-01-14 14:35:56,122 - VisionTera.Training - INFO - Epoch 19 [400/1261] Loss: 0.2473
2026-01-14 14:36:21,511 - VisionTera.Training - INFO - Epoch 19 [500/1261] Loss: 0.2288
2026-01-14 14:36:46,560 - VisionTera.Training - INFO - Epoch 19 [600/1261] Loss: 0.2725
2026-01-14 14:37:11,186 - VisionTera.Training - INFO - Epoch 19 [700/1261] Loss: 0.2823
2026-01-14 14:37:36,168 - VisionTera.Training - INFO - Epoch 19 [800/1261] Loss: 0.2308
2026-01-14 14:38:00,849 - VisionTera.Training - INFO - Epoch 19 [900/1261] Loss: 0.2627
2026-01-14 14:38:25,393 - VisionTera.Training - INFO - Epoch 19 [1000/1261] Loss: 0.2797
2026-01-14 14:38:49,934 - VisionTera.Training - INFO - Epoch 19 [1100/1261] Loss: 0.2832
2026-01-14 14:39:14,459 - VisionTera.Training - INFO - Epoch 19 [1200/1261] Loss: 0.2810
2026-01-14 14:40:00,053 - VisionTera.Training - INFO - Epoch 19/30 | Loss: 0.2843 | Train Acc: 0.9524 | Val Acc: 0.9049
2026-01-14 14:40:00,053 - VisionTera.Training - INFO -   Male Acc: 0.8987 | Female Acc: 0.9112
2026-01-14 14:40:00,220 - VisionTera.Training - INFO - Saved best model to infrastructure\models\v_20260114_120915\best_model.pt (Acc: 0.9049)
2026-01-14 14:40:01,433 - VisionTera.Training - INFO - Epoch 20 [0/1261] Loss: 0.3227
2026-01-14 14:40:25,486 - VisionTera.Training - INFO - Epoch 20 [100/1261] Loss: 0.2915
2026-01-14 14:40:49,890 - VisionTera.Training - INFO - Epoch 20 [200/1261] Loss: 0.3358
2026-01-14 14:41:14,533 - VisionTera.Training - INFO - Epoch 20 [300/1261] Loss: 0.2349
2026-01-14 14:41:39,417 - VisionTera.Training - INFO - Epoch 20 [400/1261] Loss: 0.2629
2026-01-14 14:42:04,177 - VisionTera.Training - INFO - Epoch 20 [500/1261] Loss: 0.2594
2026-01-14 14:42:28,633 - VisionTera.Training - INFO - Epoch 20 [600/1261] Loss: 0.3051
2026-01-14 14:42:53,890 - VisionTera.Training - INFO - Epoch 20 [700/1261] Loss: 0.2451
2026-01-14 14:43:18,474 - VisionTera.Training - INFO - Epoch 20 [800/1261] Loss: 0.2731
2026-01-14 14:43:42,945 - VisionTera.Training - INFO - Epoch 20 [900/1261] Loss: 0.2475
2026-01-14 14:44:07,423 - VisionTera.Training - INFO - Epoch 20 [1000/1261] Loss: 0.2539
2026-01-14 14:44:32,093 - VisionTera.Training - INFO - Epoch 20 [1100/1261] Loss: 0.2501
2026-01-14 14:44:56,655 - VisionTera.Training - INFO - Epoch 20 [1200/1261] Loss: 0.3021
2026-01-14 14:45:25,782 - VisionTera.Training - INFO - Epoch 20/30 | Loss: 0.2767 | Train Acc: 0.9571 | Val Acc: 0.9023
2026-01-14 14:45:25,782 - VisionTera.Training - INFO -   Male Acc: 0.9292 | Female Acc: 0.8751
2026-01-14 14:45:26,852 - VisionTera.Training - INFO - Epoch 21 [0/1261] Loss: 0.2522
2026-01-14 14:45:51,090 - VisionTera.Training - INFO - Epoch 21 [100/1261] Loss: 0.2604
2026-01-14 14:46:15,292 - VisionTera.Training - INFO - Epoch 21 [200/1261] Loss: 0.3128
2026-01-14 14:46:39,368 - VisionTera.Training - INFO - Epoch 21 [300/1261] Loss: 0.2797
2026-01-14 14:47:03,417 - VisionTera.Training - INFO - Epoch 21 [400/1261] Loss: 0.2338
2026-01-14 14:47:27,480 - VisionTera.Training - INFO - Epoch 21 [500/1261] Loss: 0.2150
2026-01-14 14:47:51,470 - VisionTera.Training - INFO - Epoch 21 [600/1261] Loss: 0.2762
2026-01-14 14:48:15,450 - VisionTera.Training - INFO - Epoch 21 [700/1261] Loss: 0.2206
2026-01-14 14:48:39,383 - VisionTera.Training - INFO - Epoch 21 [800/1261] Loss: 0.2784
2026-01-14 14:49:03,344 - VisionTera.Training - INFO - Epoch 21 [900/1261] Loss: 0.2412
2026-01-14 14:49:27,348 - VisionTera.Training - INFO - Epoch 21 [1000/1261] Loss: 0.2613
2026-01-14 14:49:51,659 - VisionTera.Training - INFO - Epoch 21 [1100/1261] Loss: 0.3093
2026-01-14 14:50:15,757 - VisionTera.Training - INFO - Epoch 21 [1200/1261] Loss: 0.2348
2026-01-14 14:50:43,505 - VisionTera.Training - INFO - Epoch 21/30 | Loss: 0.2704 | Train Acc: 0.9605 | Val Acc: 0.9118
2026-01-14 14:50:43,505 - VisionTera.Training - INFO -   Male Acc: 0.9200 | Female Acc: 0.9035
2026-01-14 14:50:43,659 - VisionTera.Training - INFO - Saved best model to infrastructure\models\v_20260114_120915\best_model.pt (Acc: 0.9118)
2026-01-14 14:50:44,555 - VisionTera.Training - INFO - Epoch 22 [0/1261] Loss: 0.2347
2026-01-14 14:51:09,027 - VisionTera.Training - INFO - Epoch 22 [100/1261] Loss: 0.2492
2026-01-14 14:51:33,474 - VisionTera.Training - INFO - Epoch 22 [200/1261] Loss: 0.2743
2026-01-14 14:51:58,260 - VisionTera.Training - INFO - Epoch 22 [300/1261] Loss: 0.2795
2026-01-14 14:52:23,070 - VisionTera.Training - INFO - Epoch 22 [400/1261] Loss: 0.2802
2026-01-14 14:52:47,565 - VisionTera.Training - INFO - Epoch 22 [500/1261] Loss: 0.3216
2026-01-14 14:53:12,268 - VisionTera.Training - INFO - Epoch 22 [600/1261] Loss: 0.2227
2026-01-14 14:53:36,855 - VisionTera.Training - INFO - Epoch 22 [700/1261] Loss: 0.2485
2026-01-14 14:54:01,493 - VisionTera.Training - INFO - Epoch 22 [800/1261] Loss: 0.3101
2026-01-14 14:54:26,244 - VisionTera.Training - INFO - Epoch 22 [900/1261] Loss: 0.2788
2026-01-14 14:54:50,821 - VisionTera.Training - INFO - Epoch 22 [1000/1261] Loss: 0.3248
2026-01-14 14:55:15,473 - VisionTera.Training - INFO - Epoch 22 [1100/1261] Loss: 0.2424
2026-01-14 14:55:40,018 - VisionTera.Training - INFO - Epoch 22 [1200/1261] Loss: 0.2227
2026-01-14 14:56:23,430 - VisionTera.Training - INFO - Epoch 22/30 | Loss: 0.2632 | Train Acc: 0.9651 | Val Acc: 0.9081
2026-01-14 14:56:23,430 - VisionTera.Training - INFO -   Male Acc: 0.9103 | Female Acc: 0.9059
2026-01-14 14:56:24,330 - VisionTera.Training - INFO - Epoch 23 [0/1261] Loss: 0.2599
2026-01-14 14:56:48,647 - VisionTera.Training - INFO - Epoch 23 [100/1261] Loss: 0.2520
2026-01-14 14:57:13,086 - VisionTera.Training - INFO - Epoch 23 [200/1261] Loss: 0.2473
2026-01-14 14:57:37,623 - VisionTera.Training - INFO - Epoch 23 [300/1261] Loss: 0.2559
2026-01-14 14:58:02,375 - VisionTera.Training - INFO - Epoch 23 [400/1261] Loss: 0.2337
2026-01-14 14:58:27,149 - VisionTera.Training - INFO - Epoch 23 [500/1261] Loss: 0.2900
2026-01-14 14:59:25,490 - VisionTera.Training - INFO - Epoch 23 [600/1261] Loss: 0.2554
2026-01-14 14:59:57,468 - VisionTera.Training - INFO - Epoch 23 [700/1261] Loss: 0.2393
2026-01-14 15:00:27,687 - VisionTera.Training - INFO - Epoch 23 [800/1261] Loss: 0.2421
2026-01-14 15:00:56,641 - VisionTera.Training - INFO - Epoch 23 [900/1261] Loss: 0.3258
2026-01-14 15:01:25,400 - VisionTera.Training - INFO - Epoch 23 [1000/1261] Loss: 0.2537
2026-01-14 15:01:54,862 - VisionTera.Training - INFO - Epoch 23 [1100/1261] Loss: 0.2180
2026-01-14 15:02:23,907 - VisionTera.Training - INFO - Epoch 23 [1200/1261] Loss: 0.2481
2026-01-14 15:02:59,449 - VisionTera.Training - INFO - Epoch 23/30 | Loss: 0.2565 | Train Acc: 0.9692 | Val Acc: 0.9113
2026-01-14 15:02:59,449 - VisionTera.Training - INFO -   Male Acc: 0.9138 | Female Acc: 0.9087
2026-01-14 15:03:00,927 - VisionTera.Training - INFO - Epoch 24 [0/1261] Loss: 0.2143
2026-01-14 15:03:29,436 - VisionTera.Training - INFO - Epoch 24 [100/1261] Loss: 0.2457
2026-01-14 15:03:57,390 - VisionTera.Training - INFO - Epoch 24 [200/1261] Loss: 0.2640
2026-01-14 15:04:25,771 - VisionTera.Training - INFO - Epoch 24 [300/1261] Loss: 0.2279
2026-01-14 15:04:53,650 - VisionTera.Training - INFO - Epoch 24 [400/1261] Loss: 0.2226
2026-01-14 15:05:22,087 - VisionTera.Training - INFO - Epoch 24 [500/1261] Loss: 0.3240
2026-01-14 15:05:50,794 - VisionTera.Training - INFO - Epoch 24 [600/1261] Loss: 0.2983
2026-01-14 15:06:18,595 - VisionTera.Training - INFO - Epoch 24 [700/1261] Loss: 0.2197
2026-01-14 15:06:46,375 - VisionTera.Training - INFO - Epoch 24 [800/1261] Loss: 0.2642
2026-01-14 15:07:14,259 - VisionTera.Training - INFO - Epoch 24 [900/1261] Loss: 0.2960
2026-01-14 15:07:42,088 - VisionTera.Training - INFO - Epoch 24 [1000/1261] Loss: 0.3024
2026-01-14 15:08:09,724 - VisionTera.Training - INFO - Epoch 24 [1100/1261] Loss: 0.2647
2026-01-14 15:08:37,565 - VisionTera.Training - INFO - Epoch 24 [1200/1261] Loss: 0.2299
2026-01-14 15:09:15,645 - VisionTera.Training - INFO - Epoch 24/30 | Loss: 0.2507 | Train Acc: 0.9724 | Val Acc: 0.9155
2026-01-14 15:09:15,645 - VisionTera.Training - INFO -   Male Acc: 0.9203 | Female Acc: 0.9107
2026-01-14 15:09:15,829 - VisionTera.Training - INFO - Saved best model to infrastructure\models\v_20260114_120915\best_model.pt (Acc: 0.9155)
2026-01-14 15:09:16,809 - VisionTera.Training - INFO - Epoch 25 [0/1261] Loss: 0.2705
2026-01-14 15:09:44,392 - VisionTera.Training - INFO - Epoch 25 [100/1261] Loss: 0.2431
2026-01-14 15:10:11,880 - VisionTera.Training - INFO - Epoch 25 [200/1261] Loss: 0.2629
2026-01-14 15:10:39,361 - VisionTera.Training - INFO - Epoch 25 [300/1261] Loss: 0.2408
2026-01-14 15:11:06,815 - VisionTera.Training - INFO - Epoch 25 [400/1261] Loss: 0.2800
2026-01-14 15:11:34,276 - VisionTera.Training - INFO - Epoch 25 [500/1261] Loss: 0.2530
2026-01-14 15:12:01,734 - VisionTera.Training - INFO - Epoch 25 [600/1261] Loss: 0.2984
2026-01-14 15:12:29,172 - VisionTera.Training - INFO - Epoch 25 [700/1261] Loss: 0.2688
2026-01-14 15:12:56,629 - VisionTera.Training - INFO - Epoch 25 [800/1261] Loss: 0.2254
2026-01-14 15:13:24,044 - VisionTera.Training - INFO - Epoch 25 [900/1261] Loss: 0.2385
2026-01-14 15:13:51,453 - VisionTera.Training - INFO - Epoch 25 [1000/1261] Loss: 0.2472
2026-01-14 15:14:18,862 - VisionTera.Training - INFO - Epoch 25 [1100/1261] Loss: 0.2221
2026-01-14 15:14:46,281 - VisionTera.Training - INFO - Epoch 25 [1200/1261] Loss: 0.2392
2026-01-14 15:15:18,207 - VisionTera.Training - INFO - Epoch 25/30 | Loss: 0.2462 | Train Acc: 0.9749 | Val Acc: 0.9155
2026-01-14 15:15:18,208 - VisionTera.Training - INFO -   Male Acc: 0.9117 | Female Acc: 0.9194
2026-01-14 15:15:19,263 - VisionTera.Training - INFO - Epoch 26 [0/1261] Loss: 0.2197
2026-01-14 15:15:46,883 - VisionTera.Training - INFO - Epoch 26 [100/1261] Loss: 0.2182
2026-01-14 15:16:14,468 - VisionTera.Training - INFO - Epoch 26 [200/1261] Loss: 0.2100
2026-01-14 15:16:41,877 - VisionTera.Training - INFO - Epoch 26 [300/1261] Loss: 0.2396
2026-01-14 15:17:09,279 - VisionTera.Training - INFO - Epoch 26 [400/1261] Loss: 0.2143
2026-01-14 15:17:36,673 - VisionTera.Training - INFO - Epoch 26 [500/1261] Loss: 0.2829
2026-01-14 15:18:04,075 - VisionTera.Training - INFO - Epoch 26 [600/1261] Loss: 0.2525
2026-01-14 15:18:31,456 - VisionTera.Training - INFO - Epoch 26 [700/1261] Loss: 0.3892
2026-01-14 15:18:58,807 - VisionTera.Training - INFO - Epoch 26 [800/1261] Loss: 0.2244
2026-01-14 15:19:26,214 - VisionTera.Training - INFO - Epoch 26 [900/1261] Loss: 0.2255
2026-01-14 15:19:53,622 - VisionTera.Training - INFO - Epoch 26 [1000/1261] Loss: 0.2559
2026-01-14 15:20:20,978 - VisionTera.Training - INFO - Epoch 26 [1100/1261] Loss: 0.2069
2026-01-14 15:20:48,334 - VisionTera.Training - INFO - Epoch 26 [1200/1261] Loss: 0.2278
2026-01-14 15:21:40,188 - VisionTera.Training - INFO - Epoch 26/30 | Loss: 0.2410 | Train Acc: 0.9782 | Val Acc: 0.9161
2026-01-14 15:21:40,188 - VisionTera.Training - INFO -   Male Acc: 0.9136 | Female Acc: 0.9186
2026-01-14 15:21:40,400 - VisionTera.Training - INFO - Saved best model to infrastructure\models\v_20260114_120915\best_model.pt (Acc: 0.9161)
2026-01-14 15:21:41,763 - VisionTera.Training - INFO - Epoch 27 [0/1261] Loss: 0.2841
2026-01-14 15:22:09,361 - VisionTera.Training - INFO - Epoch 27 [100/1261] Loss: 0.2441
2026-01-14 15:22:36,943 - VisionTera.Training - INFO - Epoch 27 [200/1261] Loss: 0.2432
2026-01-14 15:23:00,771 - VisionTera.Training - INFO - Epoch 27 [300/1261] Loss: 0.2550
2026-01-14 15:23:20,989 - VisionTera.Training - INFO - Epoch 27 [400/1261] Loss: 0.2248
2026-01-14 15:23:41,299 - VisionTera.Training - INFO - Epoch 27 [500/1261] Loss: 0.2852
2026-01-14 15:24:01,623 - VisionTera.Training - INFO - Epoch 27 [600/1261] Loss: 0.2044
2026-01-14 15:24:22,069 - VisionTera.Training - INFO - Epoch 27 [700/1261] Loss: 0.2418
2026-01-14 15:24:43,119 - VisionTera.Training - INFO - Epoch 27 [800/1261] Loss: 0.2249
2026-01-14 15:25:04,545 - VisionTera.Training - INFO - Epoch 27 [900/1261] Loss: 0.2142
2026-01-14 15:25:26,755 - VisionTera.Training - INFO - Epoch 27 [1000/1261] Loss: 0.2664
2026-01-14 15:25:49,331 - VisionTera.Training - INFO - Epoch 27 [1100/1261] Loss: 0.2051
2026-01-14 15:26:12,062 - VisionTera.Training - INFO - Epoch 27 [1200/1261] Loss: 0.2485
2026-01-14 15:26:51,482 - VisionTera.Training - INFO - Epoch 27/30 | Loss: 0.2382 | Train Acc: 0.9796 | Val Acc: 0.9169
2026-01-14 15:26:51,482 - VisionTera.Training - INFO -   Male Acc: 0.9209 | Female Acc: 0.9128
2026-01-14 15:26:51,607 - VisionTera.Training - INFO - Saved best model to infrastructure\models\v_20260114_120915\best_model.pt (Acc: 0.9169)
2026-01-14 15:26:52,472 - VisionTera.Training - INFO - Epoch 28 [0/1261] Loss: 0.2541
2026-01-14 15:27:15,259 - VisionTera.Training - INFO - Epoch 28 [100/1261] Loss: 0.2383
2026-01-14 15:27:38,365 - VisionTera.Training - INFO - Epoch 28 [200/1261] Loss: 0.2055
2026-01-14 15:28:01,654 - VisionTera.Training - INFO - Epoch 28 [300/1261] Loss: 0.2659
2026-01-14 15:28:25,148 - VisionTera.Training - INFO - Epoch 28 [400/1261] Loss: 0.2187
2026-01-14 15:28:48,690 - VisionTera.Training - INFO - Epoch 28 [500/1261] Loss: 0.2328
2026-01-14 15:29:12,211 - VisionTera.Training - INFO - Epoch 28 [600/1261] Loss: 0.2686
2026-01-14 15:29:35,874 - VisionTera.Training - INFO - Epoch 28 [700/1261] Loss: 0.2175
2026-01-14 15:29:59,572 - VisionTera.Training - INFO - Epoch 28 [800/1261] Loss: 0.2453
2026-01-14 15:30:23,357 - VisionTera.Training - INFO - Epoch 28 [900/1261] Loss: 0.2190
2026-01-14 15:30:47,128 - VisionTera.Training - INFO - Epoch 28 [1000/1261] Loss: 0.2092
2026-01-14 15:31:11,026 - VisionTera.Training - INFO - Epoch 28 [1100/1261] Loss: 0.2360
2026-01-14 15:31:34,817 - VisionTera.Training - INFO - Epoch 28 [1200/1261] Loss: 0.2307
2026-01-14 15:32:02,121 - VisionTera.Training - INFO - Epoch 28/30 | Loss: 0.2354 | Train Acc: 0.9816 | Val Acc: 0.9168
2026-01-14 15:32:02,139 - VisionTera.Training - INFO -   Male Acc: 0.9166 | Female Acc: 0.9170
2026-01-14 15:32:03,091 - VisionTera.Training - INFO - Epoch 29 [0/1261] Loss: 0.2236
2026-01-14 15:32:26,855 - VisionTera.Training - INFO - Epoch 29 [100/1261] Loss: 0.2552
2026-01-14 15:32:50,678 - VisionTera.Training - INFO - Epoch 29 [200/1261] Loss: 0.2464
2026-01-14 15:33:14,523 - VisionTera.Training - INFO - Epoch 29 [300/1261] Loss: 0.2131
2026-01-14 15:33:38,386 - VisionTera.Training - INFO - Epoch 29 [400/1261] Loss: 0.2564
2026-01-14 15:34:02,262 - VisionTera.Training - INFO - Epoch 29 [500/1261] Loss: 0.2523
2026-01-14 15:34:26,249 - VisionTera.Training - INFO - Epoch 29 [600/1261] Loss: 0.2734
2026-01-14 15:34:50,325 - VisionTera.Training - INFO - Epoch 29 [700/1261] Loss: 0.2103
2026-01-14 15:35:14,232 - VisionTera.Training - INFO - Epoch 29 [800/1261] Loss: 0.2484
2026-01-14 15:35:38,141 - VisionTera.Training - INFO - Epoch 29 [900/1261] Loss: 0.2082
2026-01-14 15:36:01,948 - VisionTera.Training - INFO - Epoch 29 [1000/1261] Loss: 0.2343
2026-01-14 15:36:25,876 - VisionTera.Training - INFO - Epoch 29 [1100/1261] Loss: 0.2684
2026-01-14 15:36:49,748 - VisionTera.Training - INFO - Epoch 29 [1200/1261] Loss: 0.2476
2026-01-14 15:37:21,055 - VisionTera.Training - INFO - Epoch 29/30 | Loss: 0.2349 | Train Acc: 0.9816 | Val Acc: 0.9183
2026-01-14 15:37:21,056 - VisionTera.Training - INFO -   Male Acc: 0.9201 | Female Acc: 0.9164
2026-01-14 15:37:21,204 - VisionTera.Training - INFO - Saved best model to infrastructure\models\v_20260114_120915\best_model.pt (Acc: 0.9183)
2026-01-14 15:37:22,345 - VisionTera.Training - INFO - Epoch 30 [0/1261] Loss: 0.2353
2026-01-14 15:37:46,676 - VisionTera.Training - INFO - Epoch 30 [100/1261] Loss: 0.2888
2026-01-14 15:38:11,112 - VisionTera.Training - INFO - Epoch 30 [200/1261] Loss: 0.2301
2026-01-14 15:38:35,699 - VisionTera.Training - INFO - Epoch 30 [300/1261] Loss: 0.2327
2026-01-14 15:39:00,334 - VisionTera.Training - INFO - Epoch 30 [400/1261] Loss: 0.2108
2026-01-14 15:39:25,134 - VisionTera.Training - INFO - Epoch 30 [500/1261] Loss: 0.2127
2026-01-14 15:39:49,831 - VisionTera.Training - INFO - Epoch 30 [600/1261] Loss: 0.2193
2026-01-14 15:40:14,213 - VisionTera.Training - INFO - Epoch 30 [700/1261] Loss: 0.2215
2026-01-14 15:40:38,545 - VisionTera.Training - INFO - Epoch 30 [800/1261] Loss: 0.2345
2026-01-14 15:41:02,793 - VisionTera.Training - INFO - Epoch 30 [900/1261] Loss: 0.2133
2026-01-14 15:41:26,959 - VisionTera.Training - INFO - Epoch 30 [1000/1261] Loss: 0.2252
2026-01-14 15:41:51,145 - VisionTera.Training - INFO - Epoch 30 [1100/1261] Loss: 0.2409
2026-01-14 15:42:15,303 - VisionTera.Training - INFO - Epoch 30 [1200/1261] Loss: 0.3104
2026-01-14 15:42:44,331 - VisionTera.Training - INFO - Epoch 30/30 | Loss: 0.2347 | Train Acc: 0.9823 | Val Acc: 0.9188
2026-01-14 15:42:44,331 - VisionTera.Training - INFO -   Male Acc: 0.9172 | Female Acc: 0.9204
2026-01-14 15:42:44,496 - VisionTera.Training - INFO - Saved best model to infrastructure\models\v_20260114_120915\best_model.pt (Acc: 0.9188)
2026-01-14 15:42:44,636 - VisionTera.Training - INFO - Training completed! Best accuracy: 0.9188
